<html>
<body>
<pre>
<h1>µVision Build Log</h1>
<h2>Project:</h2>
F:\2-µ•∆¨ª˙¡Ÿ ±\temp.uvproj
Project File Date:  12/26/2015

<h2>Output:</h2>
Build target 'temp'
compiling main.c...
linking...
Program Size: Code=34438 RO-data=1114 RW-data=24 ZI-data=5192  
FromELF: creating hex file...
".\output\temp.axf" - 0 Error(s), 0 Warning(s).
Build target 'temp'
compiling main.c...
linking...
Program Size: Code=34390 RO-data=1114 RW-data=24 ZI-data=5192  
FromELF: creating hex file...
".\output\temp.axf" - 0 Error(s), 0 Warning(s).
