<html>
<body>
<pre>
<h1>µVision Build Log</h1>
<h2>Project:</h2>
F:\Git_local\GRBL-0.8c-for-STM32\temp.uvproj
Project File Date:  12/26/2015

<h2>Output:</h2>
Build target 'temp'
compiling HW_USART.c...
linking...
Program Size: Code=34390 RO-data=1114 RW-data=24 ZI-data=5192  
FromELF: creating hex file...
".\output\temp.axf" - 0 Error(s), 0 Warning(s).
Build target 'temp'
compiling main.c...
compiling stm32f10x_it.c...
compiling stm32f10x_rcc.c...
compiling stm32f10x_lib.c...
compiling stm32f10x_nvic.c...
compiling stm32f10x_usart.c...
assembling cortexm3_macro.s...
assembling stm32f10x_vector.s...
compiling system.c...
compiling delay.c...
compiling HW_GPIO.c...
compiling HW_EEPROM.c...
compiling HW_TIM.c...
compiling HW_USART.c...
compiling HW_EXTI.c...
compiling stepper.c...
compiling serial.c...
compiling limits.c...
compiling protocol.c...
compiling spindle_control.c...
compiling coolant_control.c...
compiling nuts_bolts.c...
compiling eeprom.c...
compiling report.c...
compiling print.c...
compiling settings.c...
compiling motion_control.c...
compiling gcode.c...
compiling planner.c...
linking...
Program Size: Code=34390 RO-data=1114 RW-data=24 ZI-data=5192  
FromELF: creating hex file...
".\output\temp.axf" - 0 Error(s), 0 Warning(s).
