ARM Linker, 4.1 [Build 481] [Standard]

==============================================================================

Section Cross References

    main.o(.text) refers to system.o(.text) for Stm32_Clock_Init
    main.o(.text) refers to delay.o(.text) for delay_init
    main.o(.text) refers to hw_gpio.o(.text) for HW_GPIO_Init
    main.o(.text) refers to hw_eeprom.o(.text) for HW_EEPROM_Init
    main.o(.text) refers to hw_usart.o(.text) for HW_USART_Init
    main.o(.text) refers to hw_exti.o(.text) for HW_EXTI_Init
    main.o(.text) refers to hw_tim.o(.text) for HW_TIM_Init
    main.o(.text) refers to serial.o(.text) for serial_init
    main.o(.text) refers to settings.o(.text) for settings_init
    main.o(.text) refers to stepper.o(.text) for st_init
    main.o(.text) refers to stm32f10x_nvic.o(.text) for NVIC_RESETPRIMASK
    main.o(.text) refers to rt_memclr_w.o(.text) for __aeabi_memclr4
    main.o(.text) refers to planner.o(.text) for plan_init
    main.o(.text) refers to gcode.o(.text) for gc_init
    main.o(.text) refers to protocol.o(.text) for protocol_init
    main.o(.text) refers to spindle_control.o(.text) for spindle_init
    main.o(.text) refers to coolant_control.o(.text) for coolant_init
    main.o(.text) refers to limits.o(.text) for limits_init
    main.o(.text) refers to nuts_bolts.o(.text) for sys_sync_current_position
    main.o(.text) refers to report.o(.text) for report_feedback_message
    main.o(.text) refers to main.o(.bss) for sys
    main.o(.text) refers to settings.o(.bss) for settings
    stm32f10x_rcc.o(.text) refers to stm32f10x_rcc.o(.constdata) for APBAHBPrescTable
    stm32f10x_nvic.o(.text) refers to cortexm3_macro.o(.text) for __SETPRIMASK
    stm32f10x_usart.o(.text) refers to stm32f10x_rcc.o(.text) for RCC_APB2PeriphResetCmd
    stm32f10x_vector.o(STACK) refers (Special) to heapauxi.o(.text) for __use_two_region_memory
    stm32f10x_vector.o(HEAP) refers (Special) to heapauxi.o(.text) for __use_two_region_memory
    stm32f10x_vector.o(RESET) refers (Special) to heapauxi.o(.text) for __use_two_region_memory
    stm32f10x_vector.o(RESET) refers to stm32f10x_vector.o(STACK) for __initial_sp
    stm32f10x_vector.o(RESET) refers to stm32f10x_vector.o(.text) for Reset_Handler
    stm32f10x_vector.o(RESET) refers to stm32f10x_it.o(.text) for NMIException
    stm32f10x_vector.o(RESET) refers to protocol.o(.text) for EXTI0_IRQHandler
    stm32f10x_vector.o(RESET) refers to hw_exti.o(.text) for EXTI3_IRQHandler
    stm32f10x_vector.o(RESET) refers to limits.o(.text) for EXTI9_5_IRQHandler
    stm32f10x_vector.o(RESET) refers to stepper.o(.text) for TIM3_IRQHandler
    stm32f10x_vector.o(RESET) refers to serial.o(.text) for USART1_IRQHandler
    stm32f10x_vector.o(.text) refers (Special) to heapauxi.o(.text) for __use_two_region_memory
    stm32f10x_vector.o(.text) refers to __main.o(!!!main) for __main
    stm32f10x_vector.o(.text) refers to stm32f10x_vector.o(HEAP) for Heap_Mem
    stm32f10x_vector.o(.text) refers to stm32f10x_vector.o(STACK) for Stack_Mem
    system.o(.text) refers to stm32f10x_rcc.o(.text) for RCC_DeInit
    delay.o(.text) refers to delay.o(.data) for fac_us
    hw_eeprom.o(.text) refers to nuts_bolts.o(.text) for delay_us
    hw_eeprom.o(.text) refers to rt_memclr.o(.text) for __aeabi_memclr
    hw_eeprom.o(.text) refers to hw_eeprom.o(.bss) for STMFLASH_BUF
    hw_tim.o(.text) refers to system.o(.text) for MY_NVIC_Init
    hw_usart.o(.text) refers to stm32f10x_usart.o(.text) for USART_Init
    hw_usart.o(.text) refers to system.o(.text) for MY_NVIC_Init
    hw_exti.o(.text) refers to system.o(.text) for Ex_NVIC_Config
    stepper.o(.text) refers to nuts_bolts.o(.text) for delay_ms
    stepper.o(.text) refers to stm32f10x_nvic.o(.text) for NVIC_RESETPRIMASK
    stepper.o(.text) refers to planner.o(.text) for plan_get_current_block
    stepper.o(.text) refers to settings.o(.bss) for settings
    stepper.o(.text) refers to main.o(.bss) for sys
    stepper.o(.text) refers to stepper.o(.data) for out_bits
    stepper.o(.text) refers to stepper.o(.bss) for st
    stepper.o(.text) refers to rt_memclr_w.o(.text) for __aeabi_memclr4
    serial.o(.text) refers to stm32f10x_usart.o(.text) for USART_ITConfig
    serial.o(.text) refers to motion_control.o(.text) for mc_reset
    serial.o(.text) refers to serial.o(.data) for tx_buffer_head
    serial.o(.text) refers to main.o(.bss) for sys
    serial.o(.text) refers to serial.o(.bss) for tx_buffer
    limits.o(.text) refers to motion_control.o(.text) for mc_reset
    limits.o(.text) refers to f2d.o(x$fpl$f2d) for __aeabi_f2d
    limits.o(.text) refers to daddsub_clz.o(x$fpl$dadd) for __aeabi_dadd
    limits.o(.text) refers to dfixu.o(x$fpl$dfixu) for __aeabi_d2uiz
    limits.o(.text) refers to dflt_clz.o(x$fpl$dfltu) for __aeabi_ui2d
    limits.o(.text) refers to sqrt.o(i.sqrt) for sqrt
    limits.o(.text) refers to ddiv.o(x$fpl$ddiv) for __aeabi_ddiv
    limits.o(.text) refers to d2f.o(x$fpl$d2f) for __aeabi_d2f
[...]
    .ARM.Collect$$libinit$$00000021          0x080001aa   Section        0  libinit2.o(.ARM.Collect$$libinit$$00000021)
    .ARM.Collect$$libinit$$00000028          0x080001aa   Section        0  libinit2.o(.ARM.Collect$$libinit$$00000028)
    .ARM.Collect$$libinit$$0000002A          0x080001aa   Section        0  libinit2.o(.ARM.Collect$$libinit$$0000002A)
    .ARM.Collect$$libinit$$0000002C          0x080001aa   Section        0  libinit2.o(.ARM.Collect$$libinit$$0000002C)
    .ARM.Collect$$libinit$$0000002E          0x080001aa   Section        0  libinit2.o(.ARM.Collect$$libinit$$0000002E)
    .ARM.Collect$$libinit$$0000002F          0x080001aa   Section        2  libinit2.o(.ARM.Collect$$libinit$$0000002F)
    .ARM.Collect$$libshutdown$$00000000      0x080001ac   Section        2  libshutdown.o(.ARM.Collect$$libshutdown$$00000000)
    .ARM.Collect$$libshutdown$$00000003      0x080001ae   Section        0  libshutdown2.o(.ARM.Collect$$libshutdown$$00000003)
    .ARM.Collect$$libshutdown$$00000006      0x080001ae   Section        0  libshutdown2.o(.ARM.Collect$$libshutdown$$00000006)
    .ARM.Collect$$libshutdown$$00000009      0x080001ae   Section        0  libshutdown2.o(.ARM.Collect$$libshutdown$$00000009)
    .ARM.Collect$$libshutdown$$0000000B      0x080001ae   Section        0  libshutdown2.o(.ARM.Collect$$libshutdown$$0000000B)
    .ARM.Collect$$libshutdown$$0000000E      0x080001ae   Section        0  libshutdown2.o(.ARM.Collect$$libshutdown$$0000000E)
    .ARM.Collect$$libshutdown$$0000000F      0x080001ae   Section        2  libshutdown2.o(.ARM.Collect$$libshutdown$$0000000F)
    .ARM.Collect$$rtentry$$00000000          0x080001b0   Section        0  rtentry.o(.ARM.Collect$$rtentry$$00000000)
    .ARM.Collect$$rtentry$$00000002          0x080001b0   Section        0  rtentry2.o(.ARM.Collect$$rtentry$$00000002)
    .ARM.Collect$$rtentry$$00000004          0x080001b0   Section        6  rtentry4.o(.ARM.Collect$$rtentry$$00000004)
    .ARM.Collect$$rtentry$$00000009          0x080001b6   Section        0  rtentry2.o(.ARM.Collect$$rtentry$$00000009)
    .ARM.Collect$$rtentry$$0000000A          0x080001b6   Section        4  rtentry2.o(.ARM.Collect$$rtentry$$0000000A)
    .ARM.Collect$$rtentry$$0000000C          0x080001ba   Section        0  rtentry2.o(.ARM.Collect$$rtentry$$0000000C)
    .ARM.Collect$$rtentry$$0000000D          0x080001ba   Section        8  rtentry2.o(.ARM.Collect$$rtentry$$0000000D)
    .ARM.Collect$$rtexit$$00000000           0x080001c2   Section        2  rtexit.o(.ARM.Collect$$rtexit$$00000000)
    .ARM.Collect$$rtexit$$00000002           0x080001c4   Section        0  rtexit2.o(.ARM.Collect$$rtexit$$00000002)
    .ARM.Collect$$rtexit$$00000003           0x080001c4   Section        4  rtexit2.o(.ARM.Collect$$rtexit$$00000003)
    .ARM.Collect$$rtexit$$00000004           0x080001c8   Section        6  rtexit2.o(.ARM.Collect$$rtexit$$00000004)
    .text                                    0x080001d0   Section        0  main.o(.text)
    .text                                    0x0800029c   Section        0  stm32f10x_it.o(.text)
    .text                                    0x0800031c   Section        0  stm32f10x_rcc.o(.text)
    .text                                    0x080006bc   Section        0  stm32f10x_nvic.o(.text)
    .text                                    0x08000b14   Section        0  stm32f10x_usart.o(.text)
    .text                                    0x08000e8c   Section      122  cortexm3_macro.o(.text)
    .text                                    0x08000f08   Section       36  stm32f10x_vector.o(.text)
    .text                                    0x08000f2c   Section        0  system.o(.text)
    .text                                    0x08001150   Section        0  delay.o(.text)
    .text                                    0x080011f0   Section        0  hw_gpio.o(.text)
    .text                                    0x080013e8   Section        0  hw_eeprom.o(.text)
    .text                                    0x080016e8   Section        0  hw_tim.o(.text)
    .text                                    0x08001744   Section        0  hw_usart.o(.text)
    .text                                    0x080017d4   Section        0  hw_exti.o(.text)
    .text                                    0x08001890   Section        0  stepper.o(.text)
    iterate_trapezoid_cycle_counter          0x08001943   Thumb Code    42  stepper.o(.text)
    config_step_timer                        0x0800196d   Thumb Code   126  stepper.o(.text)
    set_step_events_per_minute               0x080019eb   Thumb Code    40  stepper.o(.text)
    .text                                    0x0800217c   Section        0  serial.o(.text)
    .text                                    0x080022d4   Section        0  limits.o(.text)
    homing_cycle                             0x08002335   Thumb Code  1194  limits.o(.text)
    .text                                    0x0800285c   Section        0  protocol.o(.text)
    protocol_reset_line_buffer               0x0800285d   Thumb Code    12  protocol.o(.text)
    .text                                    0x08002ce0   Section        0  spindle_control.o(.text)
    .text                                    0x08002d58   Section        0  coolant_control.o(.text)
    .text                                    0x08002db0   Section        0  nuts_bolts.o(.text)
    .text                                    0x08002f80   Section        0  eeprom.o(.text)
    .text                                    0x08003040   Section        0  report.o(.text)
    .text                                    0x08003d5c   Section        0  print.o(.text)
    print_uint32_base10                      0x08003dc1   Thumb Code    76  print.o(.text)
    .text                                    0x08003f44   Section        0  settings.o(.text)
    .text                                    0x08004370   Section        0  motion_control.o(.text)
    .text                                    0x08004930   Section        0  gcode.o(.text)
    select_plane                             0x08004931   Thumb Code    10  gcode.o(.text)
    to_millimeters                           0x080049bf   Thumb Code    48  gcode.o(.text)
    next_statement                           0x080049ef   Thumb Code    84  gcode.o(.text)
    .text                                    0x08005660   Section        0  planner.o(.text)
    next_block_index                         0x08005661   Thumb Code    12  planner.o(.text)
    prev_block_index                         0x0800566d   Thumb Code    10  planner.o(.text)
    estimate_acceleration_distance           0x08005677   Thumb Code    60  planner.o(.text)
    intersection_distance                    0x080056b3   Thumb Code    90  planner.o(.text)
    max_allowable_speed                      0x0800570d   Thumb Code    68  planner.o(.text)
    planner_reverse_pass_kernel              0x08005751   Thumb Code   112  planner.o(.text)
    planner_reverse_pass                     0x080057c1   Thumb Code    58  planner.o(.text)
    planner_forward_pass_kernel              0x080057fb   Thumb Code   108  planner.o(.text)
    planner_forward_pass                     0x08005867   Thumb Code    68  planner.o(.text)
    calculate_trapezoid_for_block            0x080058ab   Thumb Code   346  planner.o(.text)
    planner_recalculate_trapezoids           0x08005a05   Thumb Code   158  planner.o(.text)
    planner_recalculate                      0x08005aa3   Thumb Code    16  planner.o(.text)
    .text                                    0x0800615c   Section       68  rt_memclr.o(.text)
    .text                                    0x080061a0   Section       78  rt_memclr_w.o(.text)
    .text                                    0x080061ee   Section        0  heapauxi.o(.text)
    .text                                    0x080061f4   Section        0  _rserrno.o(.text)
    .text                                    0x0800620c   Section       12  rt_errno_addr_intlibspace.o(.text)
    .text                                    0x08006218   Section        8  libspace.o(.text)
    .text                                    0x08006220   Section       74  sys_stackheap_outer.o(.text)
    .text                                    0x0800626a   Section        0  exit.o(.text)
    .text                                    0x08006278   Section       12  rt_fp_status_addr_intlibspace.o(.text)
    .text                                    0x08006284   Section        0  sys_exit.o(.text)
    .text                                    0x08006290   Section        2  use_no_semi.o(.text)
    i.__ARM_fpclassify                       0x08006292   Section        0  fpclassify.o(i.__ARM_fpclassify)
    i.__ieee754_rem_pio2                     0x080062bc   Section        0  rred.o(i.__ieee754_rem_pio2)
    i.__kernel_cos                           0x08006644   Section        0  cos_i.o(i.__kernel_cos)
    i.__kernel_poly                          0x08006740   Section        0  poly.o(i.__kernel_poly)
    i.__kernel_sin                           0x080067ec   Section        0  sin_i.o(i.__kernel_sin)
    i.__mathlib_dbl_underflow                0x080068dc   Section        0  dunder.o(i.__mathlib_dbl_underflow)
    i.atan                                   0x080068ec   Section        0  atan.o(i.atan)
    i.atan2                                  0x08006b10   Section        0  atan2.o(i.atan2)
    i.ceil                                   0x08006c90   Section        0  ceil.o(i.ceil)
    i.cos                                    0x08006d6c   Section        0  cos.o(i.cos)
    i.floor                                  0x08006e18   Section        0  floor.o(i.floor)
    i.hypot                                  0x08006ef4   Section        0  hypot.o(i.hypot)
    i.sin                                    0x08007190   Section        0  sin.o(i.sin)
    i.sqrt                                   0x08007240   Section        0  sqrt.o(i.sqrt)
    x$fpl$d2f                                0x0800728c   Section       98  d2f.o(x$fpl$d2f)
    x$fpl$dadd                               0x080072f0   Section      332  daddsub_clz.o(x$fpl$dadd)
    _dadd1                                   0x08007301   Thumb Code     0  daddsub_clz.o(x$fpl$dadd)
    x$fpl$dcheck1                            0x0800743c   Section       16  dcheck1.o(x$fpl$dcheck1)
    x$fpl$dcmpinf                            0x0800744c   Section       24  dcmpi.o(x$fpl$dcmpinf)
    x$fpl$ddiv                               0x08007464   Section      688  ddiv.o(x$fpl$ddiv)
    ddiv_entry                               0x0800746b   Thumb Code     0  ddiv.o(x$fpl$ddiv)
    x$fpl$deqf                               0x08007714   Section      120  deqf.o(x$fpl$deqf)
    x$fpl$dfix                               0x0800778c   Section       94  dfix.o(x$fpl$dfix)
    x$fpl$dfixu                              0x080077ec   Section       90  dfixu.o(x$fpl$dfixu)
    x$fpl$dflt                               0x08007846   Section       46  dflt_clz.o(x$fpl$dflt)
    x$fpl$dfltu                              0x08007874   Section       38  dflt_clz.o(x$fpl$dfltu)
    x$fpl$dleqf                              0x0800789c   Section      120  dleqf.o(x$fpl$dleqf)
    x$fpl$dmul                               0x08007914   Section      340  dmul.o(x$fpl$dmul)
    x$fpl$dnaninf                            0x08007a68   Section      156  dnaninf.o(x$fpl$dnaninf)
    x$fpl$dretinf                            0x08007b04   Section       12  dretinf.o(x$fpl$dretinf)
    x$fpl$drleqf                             0x08007b10   Section      108  drleqf.o(x$fpl$drleqf)
    x$fpl$drsb                               0x08007b7c   Section       22  daddsub_clz.o(x$fpl$drsb)
    x$fpl$dsqrt                              0x08007b94   Section      460  dsqrt_noumaal.o(x$fpl$dsqrt)
    x$fpl$dsub                               0x08007d60   Section      468  daddsub_clz.o(x$fpl$dsub)
    _dsub1                                   0x08007d71   Thumb Code     0  daddsub_clz.o(x$fpl$dsub)
    x$fpl$f2d                                0x08007f34   Section       86  f2d.o(x$fpl$f2d)
    x$fpl$fadd                               0x08007f8c   Section      196  faddsub_clz.o(x$fpl$fadd)
    _fadd1                                   0x08007f9b   Thumb Code     0  faddsub_clz.o(x$fpl$fadd)
    x$fpl$fcmpinf                            0x08008050   Section       24  fcmpi.o(x$fpl$fcmpinf)
    x$fpl$fdiv                               0x08008068   Section      388  fdiv.o(x$fpl$fdiv)
    _fdiv1                                   0x08008069   Thumb Code     0  fdiv.o(x$fpl$fdiv)
    x$fpl$feqf                               0x080081ec   Section      104  feqf.o(x$fpl$feqf)
    x$fpl$ffix                               0x08008254   Section       54  ffix.o(x$fpl$ffix)
    x$fpl$ffixu                              0x0800828c   Section       62  ffixu.o(x$fpl$ffixu)
    x$fpl$fflt                               0x080082cc   Section       48  fflt_clz.o(x$fpl$fflt)
    x$fpl$ffltu                              0x080082fc   Section       38  fflt_clz.o(x$fpl$ffltu)
    x$fpl$fleqf                              0x08008324   Section      104  fleqf.o(x$fpl$fleqf)
    x$fpl$fmul                               0x0800838c   Section      258  fmul.o(x$fpl$fmul)
    x$fpl$fnaninf                            0x0800848e   Section      140  fnaninf.o(x$fpl$fnaninf)
    x$fpl$fpinit                             0x0800851a   Section       14  fpinit.o(x$fpl$fpinit)
    x$fpl$fretinf                            0x08008528   Section       10  fretinf.o(x$fpl$fretinf)
    x$fpl$frleqf                             0x08008532   Section       98  frleqf.o(x$fpl$frleqf)
    x$fpl$frsb                               0x08008594   Section       20  faddsub_clz.o(x$fpl$frsb)
    x$fpl$fsub                               0x080085a8   Section      234  faddsub_clz.o(x$fpl$fsub)
    _fsub1                                   0x080085b7   Thumb Code     0  faddsub_clz.o(x$fpl$fsub)
    x$fpl$retnan                             0x08008692   Section      100  retnan.o(x$fpl$retnan)
    x$fpl$scalbn                             0x080086f6   Section       96  scalbn.o(x$fpl$scalbn)
    x$fpl$trapveneer                         0x08008756   Section       48  trapv.o(x$fpl$trapveneer)
    .constdata                               0x08008786   Section       20  stm32f10x_rcc.o(.constdata)
    x$fpl$usenofp                            0x08008786   Section        0  usenofp.o(x$fpl$usenofp)
    APBAHBPrescTable                         0x08008786   Data          16  stm32f10x_rcc.o(.constdata)
    ADCPrescTable                            0x08008796   Data           4  stm32f10x_rcc.o(.constdata)
    .constdata                               0x0800879c   Section      302  report.o(.constdata)
    .constdata                               0x080088d0   Section      152  atan.o(.constdata)
    atanhi                                   0x080088d0   Data          32  atan.o(.constdata)
    atanlo                                   0x080088f0   Data          32  atan.o(.constdata)
    aTodd                                    0x08008910   Data          40  atan.o(.constdata)
    aTeven                                   0x08008938   Data          48  atan.o(.constdata)
    .constdata                               0x08008968   Section       48  cos_i.o(.constdata)
    C                                        0x08008968   Data          48  cos_i.o(.constdata)
    .constdata                               0x08008998   Section        8  qnan.o(.constdata)
    .constdata                               0x080089a0   Section      200  rred.o(.constdata)
    pio2s                                    0x080089a0   Data          48  rred.o(.constdata)
    twooverpi                                0x080089d0   Data         152  rred.o(.constdata)
    .constdata                               0x08008a68   Section       40  sin_i.o(.constdata)
    S                                        0x08008a68   Data          40  sin_i.o(.constdata)
    .data                                    0x20000000   Section        4  delay.o(.data)
    fac_us                                   0x20000000   Data           1  delay.o(.data)
    fac_ms                                   0x20000002   Data           2  delay.o(.data)
    .data                                    0x20000004   Section        7  stepper.o(.data)
    current_block                            0x20000004   Data           4  stepper.o(.data)
    step_pulse_time                          0x20000008   Data           1  stepper.o(.data)
    out_bits                                 0x20000009   Data           1  stepper.o(.data)
    busy                                     0x2000000a   Data           1  stepper.o(.data)
    .data                                    0x2000000b   Section        4  serial.o(.data)
    .data                                    0x2000000f   Section        2  protocol.o(.data)
    char_counter                             0x2000000f   Data           1  protocol.o(.data)
    iscomment                                0x20000010   Data           1  protocol.o(.data)
    .data                                    0x20000011   Section        1  spindle_control.o(.data)
    current_direction                        0x20000011   Data           1  spindle_control.o(.data)
    .data                                    0x20000012   Section        1  coolant_control.o(.data)
    current_coolant_mode                     0x20000012   Data           1  coolant_control.o(.data)
    .data                                    0x20000013   Section        3  planner.o(.data)
    block_buffer_head                        0x20000013   Data           1  planner.o(.data)
    block_buffer_tail                        0x20000014   Data           1  planner.o(.data)
    next_buffer_head                         0x20000015   Data           1  planner.o(.data)
    .bss                                     0x20000018   Section       20  main.o(.bss)
    .bss                                     0x2000002c   Section     1424  hw_eeprom.o(.bss)
    .bss                                     0x200005bc   Section       36  stepper.o(.bss)
    st                                       0x200005bc   Data          36  stepper.o(.bss)
    .bss                                     0x200005e0   Section      192  serial.o(.bss)
    .bss                                     0x200006a0   Section       70  protocol.o(.bss)
    line                                     0x200006a0   Data          70  protocol.o(.bss)
    .bss                                     0x200006e8   Section       64  settings.o(.bss)
    .bss                                     0x20000728   Section       56  gcode.o(.bss)
    .bss                                     0x20000760   Section     1180  planner.o(.bss)
    block_buffer                             0x20000760   Data        1152  planner.o(.bss)
    pl                                       0x20000be0   Data          28  planner.o(.bss)
    .bss                                     0x20000bfc   Section       96  libspace.o(.bss)
    HEAP                                     0x20000c60   Section     1024  stm32f10x_vector.o(HEAP)
    Heap_Mem                                 0x20000c60   Data        1024  stm32f10x_vector.o(HEAP)
    STACK                                    0x20001060   Section     1024  stm32f10x_vector.o(STACK)
    Stack_Mem                                0x20001060   Data        1024  stm32f10x_vector.o(STACK)
    __initial_sp                             0x20001460   Data           0  stm32f10x_vector.o(STACK)

    Global Symbols

    Symbol Name                              Value     Ov Type        Size  Object(Section)

    BuildAttributes$$THM_ISAv4$P$D$K$B$S$PE$A:L22UL41UL21$X:L11$S22US41US21$IEEE1$IW$USESV6$~STKCKD$USESV7$~SHL$OTIME$ROPI$IEEEX$EBA8$UX$STANDARDLIB$REQ8$PRES8$EABIv2 0x00000000   Number         0  anon$$obj.o ABSOLUTE
    __ARM_use_no_argv                        0x00000000   Number         0  main.o ABSOLUTE
    __ARM_exceptions_init                     - Undefined Weak Reference
    __alloca_initialize                       - Undefined Weak Reference
    __cpp_initialize__aeabi_                  - Undefined Weak Reference
    __cxa_finalize                            - Undefined Weak Reference
    __fpl_infinity                            - Undefined Weak Reference
    __rt_locale                               - Undefined Weak Reference
    __sigvec_lookup                           - Undefined Weak Reference
    _atexit_init                              - Undefined Weak Reference
    _call_atexit_fns                          - Undefined Weak Reference
    _clock_init                               - Undefined Weak Reference
    _fp_trap_init                             - Undefined Weak Reference
    _fp_trap_shutdown                         - Undefined Weak Reference
    _get_lc_collate                           - Undefined Weak Reference
    _get_lc_ctype                             - Undefined Weak Reference
    _get_lc_monetary                          - Undefined Weak Reference
    _get_lc_numeric                           - Undefined Weak Reference
    _get_lc_time                              - Undefined Weak Reference
    _getenv_init                              - Undefined Weak Reference
    _handle_redirection                       - Undefined Weak Reference
    _init_alloc                               - Undefined Weak Reference
    _init_user_alloc                          - Undefined Weak Reference
    _initio                                   - Undefined Weak Reference
    _rand_init                                - Undefined Weak Reference
    _signal_finish                            - Undefined Weak Reference
    _signal_init                              - Undefined Weak Reference
    _terminate_alloc                          - Undefined Weak Reference
    _terminate_user_alloc                     - Undefined Weak Reference
    _terminateio                              - Undefined Weak Reference
    __Vectors                                0x08000000   Data           4  stm32f10x_vector.o(RESET)
    __main                                   0x08000131   Thumb Code     8  __main.o(!!!main)
    __scatterload                            0x08000139   Thumb Code     0  __scatter.o(!!!scatter)
    __scatterload_rt2                        0x08000139   Thumb Code    44  __scatter.o(!!!scatter)
    __scatterload_rt2_thumb_only             0x08000139   Thumb Code     0  __scatter.o(!!!scatter)
    __scatterload_null                       0x08000147   Thumb Code     0  __scatter.o(!!!scatter)
    __scatterload_copy                       0x0800016d   Thumb Code    26  __scatter_copy.o(!!handler_copy)
    __scatterload_zeroinit                   0x08000189   Thumb Code    28  __scatter_zi.o(!!handler_zi)
    __rt_lib_init                            0x080001a5   Thumb Code     0  libinit.o(.ARM.Collect$$libinit$$00000000)
    __rt_lib_init_alloca_1                   0x080001ab   Thumb Code     0  libinit2.o(.ARM.Collect$$libinit$$0000002A)
    __rt_lib_init_argv_1                     0x080001ab   Thumb Code     0  libinit2.o(.ARM.Collect$$libinit$$00000028)
    __rt_lib_init_atexit_1                   0x080001ab   Thumb Code     0  libinit2.o(.ARM.Collect$$libinit$$00000017)
    __rt_lib_init_clock_1                    0x080001ab   Thumb Code     0  libinit2.o(.ARM.Collect$$libinit$$0000001D)
    __rt_lib_init_cpp_1                      0x080001ab   Thumb Code     0  libinit2.o(.ARM.Collect$$libinit$$0000002E)
    __rt_lib_init_exceptions_1               0x080001ab   Thumb Code     0  libinit2.o(.ARM.Collect$$libinit$$0000002C)
    __rt_lib_init_fp_trap_1                  0x080001ab   Thumb Code     0  libinit2.o(.ARM.Collect$$libinit$$0000001B)
    __rt_lib_init_getenv_1                   0x080001ab   Thumb Code     0  libinit2.o(.ARM.Collect$$libinit$$0000001F)
    __rt_lib_init_heap_1                     0x080001ab   Thumb Code     0  libinit2.o(.ARM.Collect$$libinit$$00000006)
    __rt_lib_init_lc_collate_1               0x080001ab   Thumb Code     0  libinit2.o(.ARM.Collect$$libinit$$0000000D)
    __rt_lib_init_lc_ctype_1                 0x080001ab   Thumb Code     0  libinit2.o(.ARM.Collect$$libinit$$0000000F)
    __rt_lib_init_lc_monetary_1              0x080001ab   Thumb Code     0  libinit2.o(.ARM.Collect$$libinit$$00000011)
    __rt_lib_init_lc_numeric_1               0x080001ab   Thumb Code     0  libinit2.o(.ARM.Collect$$libinit$$00000013)
    __rt_lib_init_lc_time_1                  0x080001ab   Thumb Code     0  libinit2.o(.ARM.Collect$$libinit$$00000015)
    __rt_lib_init_rand_1                     0x080001ab   Thumb Code     0  libinit2.o(.ARM.Collect$$libinit$$0000000A)
    __rt_lib_init_return                     0x080001ab   Thumb Code     0  libinit2.o(.ARM.Collect$$libinit$$0000002F)
    __rt_lib_init_signal_1                   0x080001ab   Thumb Code     0  libinit2.o(.ARM.Collect$$libinit$$00000019)
    __rt_lib_init_stdio_1                    0x080001ab   Thumb Code     0  libinit2.o(.ARM.Collect$$libinit$$00000021)
    __rt_lib_init_user_alloc_1               0x080001ab   Thumb Code     0  libinit2.o(.ARM.Collect$$libinit$$00000008)
    __rt_lib_shutdown                        0x080001ad   Thumb Code     0  libshutdown.o(.ARM.Collect$$libshutdown$$00000000)
    __rt_lib_shutdown_fp_trap_1              0x080001af   Thumb Code     0  libshutdown2.o(.ARM.Collect$$libshutdown$$00000006)
    __rt_lib_shutdown_heap_1                 0x080001af   Thumb Code     0  libshutdown2.o(.ARM.Collect$$libshutdown$$0000000E)
    __rt_lib_shutdown_return                 0x080001af   Thumb Code     0  libshutdown2.o(.ARM.Collect$$libshutdown$$0000000F)
    __rt_lib_shutdown_signal_1               0x080001af   Thumb Code     0  libshutdown2.o(.ARM.Collect$$libshutdown$$00000009)
    __rt_lib_shutdown_stdio_1                0x080001af   Thumb Code     0  libshutdown2.o(.ARM.Collect$$libshutdown$$00000003)
    __rt_lib_shutdown_user_alloc_1           0x080001af   Thumb Code     0  libshutdown2.o(.ARM.Collect$$libshutdown$$0000000B)
    __rt_entry                               0x080001b1   Thumb Code     0  rtentry.o(.ARM.Collect$$rtentry$$00000000)
    __rt_entry_presh_1                       0x080001b1   Thumb Code     0  rtentry2.o(.ARM.Collect$$rtentry$$00000002)
    __rt_entry_sh                            0x080001b1   Thumb Code     0  rtentry4.o(.ARM.Collect$$rtentry$$00000004)
    __rt_entry_li                            0x080001b7   Thumb Code     0  rtentry2.o(.ARM.Collect$$rtentry$$0000000A)
    __rt_entry_postsh_1                      0x080001b7   Thumb Code     0  rtentry2.o(.ARM.Collect$$rtentry$$00000009)
    __rt_entry_main                          0x080001bb   Thumb Code     0  rtentry2.o(.ARM.Collect$$rtentry$$0000000D)
    __rt_entry_postli_1                      0x080001bb   Thumb Code     0  rtentry2.o(.ARM.Collect$$rtentry$$0000000C)
    __rt_exit                                0x080001c3   Thumb Code     0  rtexit.o(.ARM.Collect$$rtexit$$00000000)
    __rt_exit_ls                             0x080001c5   Thumb Code     0  rtexit2.o(.ARM.Collect$$rtexit$$00000003)
    __rt_exit_prels_1                        0x080001c5   Thumb Code     0  rtexit2.o(.ARM.Collect$$rtexit$$00000002)
    __rt_exit_exit                           0x080001c9   Thumb Code     0  rtexit2.o(.ARM.Collect$$rtexit$$00000004)
    main                                     0x080001d1   Thumb Code   196  main.o(.text)
    NMIException                             0x0800029d   Thumb Code     2  stm32f10x_it.o(.text)
    HardFaultException                       0x0800029f   Thumb Code     4  stm32f10x_it.o(.text)
    MemManageException                       0x080002a3   Thumb Code     4  stm32f10x_it.o(.text)
    BusFaultException                        0x080002a7   Thumb Code     4  stm32f10x_it.o(.text)
    UsageFaultException                      0x080002ab   Thumb Code     4  stm32f10x_it.o(.text)
    DebugMonitor                             0x080002af   Thumb Code     2  stm32f10x_it.o(.text)
    SVCHandler                               0x080002b1   Thumb Code     2  stm32f10x_it.o(.text)
    PendSVC                                  0x080002b3   Thumb Code     2  stm32f10x_it.o(.text)
    SysTickHandler                           0x080002b5   Thumb Code     2  stm32f10x_it.o(.text)
    WWDG_IRQHandler                          0x080002b7   Thumb Code     2  stm32f10x_it.o(.text)
    PVD_IRQHandler                           0x080002b9   Thumb Code     2  stm32f10x_it.o(.text)
    TAMPER_IRQHandler                        0x080002bb   Thumb Code     2  stm32f10x_it.o(.text)
    RTC_IRQHandler                           0x080002bd   Thumb Code     2  stm32f10x_it.o(.text)
    FLASH_IRQHandler                         0x080002bf   Thumb Code     2  stm32f10x_it.o(.text)
    RCC_IRQHandler                           0x080002c1   Thumb Code     2  stm32f10x_it.o(.text)
    DMA1_Channel1_IRQHandler                 0x080002c3   Thumb Code     2  stm32f10x_it.o(.text)
    DMA1_Channel2_IRQHandler                 0x080002c5   Thumb Code     2  stm32f10x_it.o(.text)
    DMA1_Channel3_IRQHandler                 0x080002c7   Thumb Code     2  stm32f10x_it.o(.text)
    DMA1_Channel4_IRQHandler                 0x080002c9   Thumb Code     2  stm32f10x_it.o(.text)
    DMA1_Channel5_IRQHandler                 0x080002cb   Thumb Code     2  stm32f10x_it.o(.text)
    DMA1_Channel6_IRQHandler                 0x080002cd   Thumb Code     2  stm32f10x_it.o(.text)
    DMA1_Channel7_IRQHandler                 0x080002cf   Thumb Code     2  stm32f10x_it.o(.text)
    ADC1_2_IRQHandler                        0x080002d1   Thumb Code     2  stm32f10x_it.o(.text)
    USB_HP_CAN_TX_IRQHandler                 0x080002d3   Thumb Code     2  stm32f10x_it.o(.text)
    USB_LP_CAN_RX0_IRQHandler                0x080002d5   Thumb Code     2  stm32f10x_it.o(.text)
    CAN_RX1_IRQHandler                       0x080002d7   Thumb Code     2  stm32f10x_it.o(.text)
    CAN_SCE_IRQHandler                       0x080002d9   Thumb Code     2  stm32f10x_it.o(.text)
    TIM1_BRK_IRQHandler                      0x080002db   Thumb Code     2  stm32f10x_it.o(.text)
    TIM1_UP_IRQHandler                       0x080002dd   Thumb Code     2  stm32f10x_it.o(.text)
    TIM1_TRG_COM_IRQHandler                  0x080002df   Thumb Code     2  stm32f10x_it.o(.text)
    TIM1_CC_IRQHandler                       0x080002e1   Thumb Code     2  stm32f10x_it.o(.text)
    TIM2_IRQHandler                          0x080002e3   Thumb Code     2  stm32f10x_it.o(.text)
    I2C1_EV_IRQHandler                       0x080002e5   Thumb Code     2  stm32f10x_it.o(.text)
    I2C1_ER_IRQHandler                       0x080002e7   Thumb Code     2  stm32f10x_it.o(.text)
    I2C2_EV_IRQHandler                       0x080002e9   Thumb Code     2  stm32f10x_it.o(.text)
    I2C2_ER_IRQHandler                       0x080002eb   Thumb Code     2  stm32f10x_it.o(.text)
    SPI1_IRQHandler                          0x080002ed   Thumb Code     2  stm32f10x_it.o(.text)
    SPI2_IRQHandler                          0x080002ef   Thumb Code     2  stm32f10x_it.o(.text)
    USART2_IRQHandler                        0x080002f1   Thumb Code     2  stm32f10x_it.o(.text)
    USART3_IRQHandler                        0x080002f3   Thumb Code     2  stm32f10x_it.o(.text)
    RTCAlarm_IRQHandler                      0x080002f5   Thumb Code     2  stm32f10x_it.o(.text)
    USBWakeUp_IRQHandler                     0x080002f7   Thumb Code     2  stm32f10x_it.o(.text)
    TIM8_BRK_IRQHandler                      0x080002f9   Thumb Code     2  stm32f10x_it.o(.text)
    TIM8_UP_IRQHandler                       0x080002fb   Thumb Code     2  stm32f10x_it.o(.text)
    TIM8_TRG_COM_IRQHandler                  0x080002fd   Thumb Code     2  stm32f10x_it.o(.text)
    TIM8_CC_IRQHandler                       0x080002ff   Thumb Code     2  stm32f10x_it.o(.text)
    ADC3_IRQHandler                          0x08000301   Thumb Code     2  stm32f10x_it.o(.text)
    FSMC_IRQHandler                          0x08000303   Thumb Code     2  stm32f10x_it.o(.text)
    SDIO_IRQHandler                          0x08000305   Thumb Code     2  stm32f10x_it.o(.text)
    TIM5_IRQHandler                          0x08000307   Thumb Code     2  stm32f10x_it.o(.text)
    SPI3_IRQHandler                          0x08000309   Thumb Code     2  stm32f10x_it.o(.text)
    UART4_IRQHandler                         0x0800030b   Thumb Code     2  stm32f10x_it.o(.text)
    UART5_IRQHandler                         0x0800030d   Thumb Code     2  stm32f10x_it.o(.text)
    TIM6_IRQHandler                          0x0800030f   Thumb Code     2  stm32f10x_it.o(.text)
    TIM7_IRQHandler                          0x08000311   Thumb Code     2  stm32f10x_it.o(.text)
    DMA2_Channel1_IRQHandler                 0x08000313   Thumb Code     2  stm32f10x_it.o(.text)
    DMA2_Channel2_IRQHandler                 0x08000315   Thumb Code     2  stm32f10x_it.o(.text)
    DMA2_Channel3_IRQHandler                 0x08000317   Thumb Code     2  stm32f10x_it.o(.text)
    DMA2_Channel4_5_IRQHandler               0x08000319   Thumb Code     2  stm32f10x_it.o(.text)
    RCC_DeInit                               0x0800031d   Thumb Code    62  stm32f10x_rcc.o(.text)
    RCC_HSEConfig                            0x0800035b   Thumb Code    70  stm32f10x_rcc.o(.text)
    RCC_GetFlagStatus                        0x080003a1   Thumb Code    56  stm32f10x_rcc.o(.text)
    RCC_WaitForHSEStartUp                    0x080003d9   Thumb Code    46  stm32f10x_rcc.o(.text)
    RCC_AdjustHSICalibrationValue            0x08000407   Thumb Code    20  stm32f10x_rcc.o(.text)
    RCC_HSICmd                               0x0800041b   Thumb Code     6  stm32f10x_rcc.o(.text)
    RCC_PLLConfig                            0x08000421   Thumb Code    24  stm32f10x_rcc.o(.text)
    RCC_PLLCmd                               0x08000439   Thumb Code     6  stm32f10x_rcc.o(.text)
    RCC_SYSCLKConfig                         0x0800043f   Thumb Code    18  stm32f10x_rcc.o(.text)
    RCC_GetSYSCLKSource                      0x08000451   Thumb Code    10  stm32f10x_rcc.o(.text)
    RCC_HCLKConfig                           0x0800045b   Thumb Code    18  stm32f10x_rcc.o(.text)
    RCC_PCLK1Config                          0x0800046d   Thumb Code    18  stm32f10x_rcc.o(.text)
    RCC_PCLK2Config                          0x0800047f   Thumb Code    20  stm32f10x_rcc.o(.text)
    RCC_ITConfig                             0x08000493   Thumb Code    30  stm32f10x_rcc.o(.text)
    RCC_USBCLKConfig                         0x080004b1   Thumb Code     6  stm32f10x_rcc.o(.text)
    RCC_ADCCLKConfig                         0x080004b7   Thumb Code    18  stm32f10x_rcc.o(.text)
    RCC_LSEConfig                            0x080004c9   Thumb Code    44  stm32f10x_rcc.o(.text)
    RCC_LSICmd                               0x080004f5   Thumb Code     6  stm32f10x_rcc.o(.text)
    RCC_RTCCLKConfig                         0x080004fb   Thumb Code    12  stm32f10x_rcc.o(.text)
    RCC_RTCCLKCmd                            0x08000507   Thumb Code     6  stm32f10x_rcc.o(.text)
    RCC_GetClocksFreq                        0x0800050d   Thumb Code   192  stm32f10x_rcc.o(.text)
    RCC_AHBPeriphClockCmd                    0x080005cd   Thumb Code    26  stm32f10x_rcc.o(.text)
    RCC_APB2PeriphClockCmd                   0x080005e7   Thumb Code    26  stm32f10x_rcc.o(.text)
    RCC_APB1PeriphClockCmd                   0x08000601   Thumb Code    26  stm32f10x_rcc.o(.text)
    RCC_APB2PeriphResetCmd                   0x0800061b   Thumb Code    26  stm32f10x_rcc.o(.text)
    RCC_APB1PeriphResetCmd                   0x08000635   Thumb Code    26  stm32f10x_rcc.o(.text)
    RCC_BackupResetCmd                       0x0800064f   Thumb Code     6  stm32f10x_rcc.o(.text)
    RCC_ClockSecuritySystemCmd               0x08000655   Thumb Code     6  stm32f10x_rcc.o(.text)
    RCC_MCOConfig                            0x0800065b   Thumb Code     6  stm32f10x_rcc.o(.text)
    RCC_ClearFlag                            0x08000661   Thumb Code    14  stm32f10x_rcc.o(.text)
    RCC_GetITStatus                          0x0800066f   Thumb Code    20  stm32f10x_rcc.o(.text)
    RCC_ClearITPendingBit                    0x08000683   Thumb Code     6  stm32f10x_rcc.o(.text)
    NVIC_DeInit                              0x080006bd   Thumb Code    58  stm32f10x_nvic.o(.text)
    NVIC_SCBDeInit                           0x080006f7   Thumb Code    92  stm32f10x_nvic.o(.text)
    NVIC_PriorityGroupConfig                 0x08000753   Thumb Code    10  stm32f10x_nvic.o(.text)
    NVIC_Init                                0x0800075d   Thumb Code   192  stm32f10x_nvic.o(.text)
    NVIC_StructInit                          0x0800081d   Thumb Code    12  stm32f10x_nvic.o(.text)
    NVIC_SETPRIMASK                          0x08000829   Thumb Code     8  stm32f10x_nvic.o(.text)
    NVIC_RESETPRIMASK                        0x08000831   Thumb Code     8  stm32f10x_nvic.o(.text)
    NVIC_SETFAULTMASK                        0x08000839   Thumb Code     8  stm32f10x_nvic.o(.text)
    NVIC_RESETFAULTMASK                      0x08000841   Thumb Code     8  stm32f10x_nvic.o(.text)
    NVIC_BASEPRICONFIG                       0x08000849   Thumb Code    12  stm32f10x_nvic.o(.text)
    NVIC_GetBASEPRI                          0x08000855   Thumb Code     8  stm32f10x_nvic.o(.text)
    NVIC_GetCurrentPendingIRQChannel         0x0800085d   Thumb Code    10  stm32f10x_nvic.o(.text)
    NVIC_GetIRQChannelPendingBitStatus       0x08000867   Thumb Code    42  stm32f10x_nvic.o(.text)
    NVIC_SetIRQChannelPendingBit             0x08000891   Thumb Code     6  stm32f10x_nvic.o(.text)
    NVIC_ClearIRQChannelPendingBit           0x08000897   Thumb Code    20  stm32f10x_nvic.o(.text)
    NVIC_GetCurrentActiveHandler             0x080008ab   Thumb Code    10  stm32f10x_nvic.o(.text)
    NVIC_GetIRQChannelActiveBitStatus        0x080008b5   Thumb Code    42  stm32f10x_nvic.o(.text)
    NVIC_GetCPUID                            0x080008df   Thumb Code     6  stm32f10x_nvic.o(.text)
    NVIC_SetVectorTable                      0x080008e5   Thumb Code    12  stm32f10x_nvic.o(.text)
    NVIC_GenerateSystemReset                 0x080008f1   Thumb Code    10  stm32f10x_nvic.o(.text)
    NVIC_GenerateCoreReset                   0x080008fb   Thumb Code    10  stm32f10x_nvic.o(.text)
    NVIC_SystemLPConfig                      0x08000905   Thumb Code    38  stm32f10x_nvic.o(.text)
    NVIC_SystemHandlerConfig                 0x0800092b   Thumb Code    52  stm32f10x_nvic.o(.text)
    NVIC_SystemHandlerPriorityConfig         0x0800095f   Thumb Code   122  stm32f10x_nvic.o(.text)
    NVIC_GetSystemHandlerPendingBitStatus    0x080009d9   Thumb Code    42  stm32f10x_nvic.o(.text)
    NVIC_SetSystemHandlerPendingBit          0x08000a03   Thumb Code    32  stm32f10x_nvic.o(.text)
    NVIC_ClearSystemHandlerPendingBit        0x08000a23   Thumb Code    38  stm32f10x_nvic.o(.text)
    NVIC_GetSystemHandlerActiveBitStatus     0x08000a49   Thumb Code    40  stm32f10x_nvic.o(.text)
    NVIC_GetFaultHandlerSources              0x08000a71   Thumb Code   126  stm32f10x_nvic.o(.text)
    NVIC_GetFaultAddress                     0x08000aef   Thumb Code    24  stm32f10x_nvic.o(.text)
    USART_DeInit                             0x08000b15   Thumb Code   146  stm32f10x_usart.o(.text)
    USART_Init                               0x08000ba7   Thumb Code   150  stm32f10x_usart.o(.text)
    USART_StructInit                         0x08000c3d   Thumb Code    24  stm32f10x_usart.o(.text)
    USART_ClockInit                          0x08000c55   Thumb Code    34  stm32f10x_usart.o(.text)
    USART_ClockStructInit                    0x08000c77   Thumb Code    12  stm32f10x_usart.o(.text)
    USART_Cmd                                0x08000c83   Thumb Code    24  stm32f10x_usart.o(.text)
    USART_ITConfig                           0x08000c9b   Thumb Code    64  stm32f10x_usart.o(.text)
    USART_DMACmd                             0x08000cdb   Thumb Code    24  stm32f10x_usart.o(.text)
    USART_SetAddress                         0x08000cf3   Thumb Code    18  stm32f10x_usart.o(.text)
    USART_WakeUpConfig                       0x08000d05   Thumb Code    18  stm32f10x_usart.o(.text)
    USART_ReceiverWakeUpCmd                  0x08000d17   Thumb Code    24  stm32f10x_usart.o(.text)
    USART_LINBreakDetectLengthConfig         0x08000d2f   Thumb Code    18  stm32f10x_usart.o(.text)
    USART_LINCmd                             0x08000d41   Thumb Code    24  stm32f10x_usart.o(.text)
    USART_SendData                           0x08000d59   Thumb Code     8  stm32f10x_usart.o(.text)
    USART_ReceiveData                        0x08000d61   Thumb Code    10  stm32f10x_usart.o(.text)
    USART_SendBreak                          0x08000d6b   Thumb Code    10  stm32f10x_usart.o(.text)
    USART_SetGuardTime                       0x08000d75   Thumb Code    16  stm32f10x_usart.o(.text)
    USART_SetPrescaler                       0x08000d85   Thumb Code    16  stm32f10x_usart.o(.text)
    USART_SmartCardCmd                       0x08000d95   Thumb Code    24  stm32f10x_usart.o(.text)
    USART_SmartCardNACKCmd                   0x08000dad   Thumb Code    24  stm32f10x_usart.o(.text)
    USART_HalfDuplexCmd                      0x08000dc5   Thumb Code    24  stm32f10x_usart.o(.text)
    USART_IrDAConfig                         0x08000ddd   Thumb Code    18  stm32f10x_usart.o(.text)
    USART_IrDACmd                            0x08000def   Thumb Code    24  stm32f10x_usart.o(.text)
    USART_GetFlagStatus                      0x08000e07   Thumb Code    18  stm32f10x_usart.o(.text)
    USART_ClearFlag                          0x08000e19   Thumb Code     6  stm32f10x_usart.o(.text)
    USART_GetITStatus                        0x08000e1f   Thumb Code    76  stm32f10x_usart.o(.text)
    USART_ClearITPendingBit                  0x08000e6b   Thumb Code    20  stm32f10x_usart.o(.text)
    __WFI                                    0x08000e8d   Thumb Code     0  cortexm3_macro.o(.text)
    __WFE                                    0x08000e91   Thumb Code     0  cortexm3_macro.o(.text)
    __SEV                                    0x08000e95   Thumb Code     0  cortexm3_macro.o(.text)
    __ISB                                    0x08000e99   Thumb Code     0  cortexm3_macro.o(.text)
    __DSB                                    0x08000e9f   Thumb Code     0  cortexm3_macro.o(.text)
    __DMB                                    0x08000ea5   Thumb Code     0  cortexm3_macro.o(.text)
    __SVC                                    0x08000eab   Thumb Code     0  cortexm3_macro.o(.text)
    __MRS_CONTROL                            0x08000eaf   Thumb Code     0  cortexm3_macro.o(.text)
    __MSR_CONTROL                            0x08000eb5   Thumb Code     0  cortexm3_macro.o(.text)
    __MRS_PSP                                0x08000ebf   Thumb Code     0  cortexm3_macro.o(.text)
    __MSR_PSP                                0x08000ec5   Thumb Code     0  cortexm3_macro.o(.text)
    __MRS_MSP                                0x08000ecb   Thumb Code     0  cortexm3_macro.o(.text)
    __MSR_MSP                                0x08000ed1   Thumb Code     0  cortexm3_macro.o(.text)
    __RESETPRIMASK                           0x08000ed7   Thumb Code     0  cortexm3_macro.o(.text)
    __SETPRIMASK                             0x08000edb   Thumb Code     0  cortexm3_macro.o(.text)
    __READ_PRIMASK                           0x08000edf   Thumb Code     0  cortexm3_macro.o(.text)
    __SETFAULTMASK                           0x08000ee5   Thumb Code     0  cortexm3_macro.o(.text)
    __RESETFAULTMASK                         0x08000ee9   Thumb Code     0  cortexm3_macro.o(.text)
    __READ_FAULTMASK                         0x08000eed   Thumb Code     0  cortexm3_macro.o(.text)
    __BASEPRICONFIG                          0x08000ef3   Thumb Code     0  cortexm3_macro.o(.text)
    __GetBASEPRI                             0x08000ef9   Thumb Code     0  cortexm3_macro.o(.text)
    __REV_HalfWord                           0x08000eff   Thumb Code     0  cortexm3_macro.o(.text)
    __REV_Word                               0x08000f03   Thumb Code     0  cortexm3_macro.o(.text)
    Reset_Handler                            0x08000f09   Thumb Code     4  stm32f10x_vector.o(.text)
    __user_initial_stackheap                 0x08000f0d   Thumb Code     0  stm32f10x_vector.o(.text)
    Stm32_Clock_Init                         0x08000f2d   Thumb Code   136  system.o(.text)
    MY_NVIC_SetVectorTable                   0x08000fb5   Thumb Code    12  system.o(.text)
    MY_NVIC_PriorityGroupConfig              0x08000fc1   Thumb Code    42  system.o(.text)
    MY_NVIC_Init                             0x08000feb   Thumb Code   154  system.o(.text)
    Ex_NVIC_Config                           0x08001085   Thumb Code   142  system.o(.text)
    delay_init                               0x08001151   Thumb Code    44  delay.o(.text)
    _delay_us                                0x0800117d   Thumb Code    54  delay.o(.text)
    _delay_ms                                0x080011b3   Thumb Code    54  delay.o(.text)
    HW_GPIO_Init                             0x080011f1   Thumb Code   490  hw_gpio.o(.text)
    STMFLASH_Unlock                          0x080013e9   Thumb Code    12  hw_eeprom.o(.text)
    STMFLASH_Lock                            0x080013f5   Thumb Code    14  hw_eeprom.o(.text)
    STMFLASH_GetStatus                       0x08001403   Thumb Code    38  hw_eeprom.o(.text)
    STMFLASH_WaitDone                        0x08001429   Thumb Code    42  hw_eeprom.o(.text)
    STMFLASH_ErasePage                       0x08001453   Thumb Code    72  hw_eeprom.o(.text)
    STMFLASH_WriteHalfWord                   0x0800149b   Thumb Code    58  hw_eeprom.o(.text)
    STMFLASH_ReadHalfWord                    0x080014d5   Thumb Code     6  hw_eeprom.o(.text)
    STMFLASH_Read                            0x080014db   Thumb Code    34  hw_eeprom.o(.text)
    STMFLASH_Write_NoCheck                   0x080014fd   Thumb Code    38  hw_eeprom.o(.text)
    STMFLASH_Write                           0x08001523   Thumb Code   222  hw_eeprom.o(.text)
    Test_Write                               0x08001601   Thumb Code    16  hw_eeprom.o(.text)
    HW_EEPROM_Init                           0x08001611   Thumb Code    24  hw_eeprom.o(.text)
    HW_EEPROM_getChar                        0x08001629   Thumb Code    58  hw_eeprom.o(.text)
    HW_EEPROM_putChar                        0x08001663   Thumb Code   104  hw_eeprom.o(.text)
    HW_TIM_Init                              0x080016e9   Thumb Code    82  hw_tim.o(.text)
    HW_USART_Init                            0x08001745   Thumb Code   126  hw_usart.o(.text)
    HW_EXTI_Init                             0x080017d5   Thumb Code   112  hw_exti.o(.text)
    EXTI3_IRQHandler                         0x08001845   Thumb Code     8  hw_exti.o(.text)
    EXTI4_IRQHandler                         0x0800184d   Thumb Code     8  hw_exti.o(.text)
    EXTI15_10_IRQHandler                     0x08001855   Thumb Code    50  hw_exti.o(.text)
    st_wake_up                               0x08001891   Thumb Code    86  stepper.o(.text)
    st_go_idle                               0x080018e7   Thumb Code    92  stepper.o(.text)
    TIM3_IRQHandler                          0x08001a13   Thumb Code  1276  stepper.o(.text)
    TIM4_IRQHandler                          0x08001f0f   Thumb Code   166  stepper.o(.text)
    st_reset                                 0x08001fb5   Thumb Code    30  stepper.o(.text)
    st_init                                  0x08001fd3   Thumb Code   306  stepper.o(.text)
    st_cycle_start                           0x08002105   Thumb Code    22  stepper.o(.text)
    st_feed_hold                             0x0800211b   Thumb Code    20  stepper.o(.text)
    st_cycle_reinitialize                    0x0800212f   Thumb Code    62  stepper.o(.text)
    serial_init                              0x0800217d   Thumb Code     2  serial.o(.text)
    serial_write                             0x0800217f   Thumb Code    68  serial.o(.text)
    serial_read                              0x080021c3   Thumb Code    38  serial.o(.text)
    serial_reset_read_buffer                 0x080021e9   Thumb Code    10  serial.o(.text)
    USART1_IRQHandler                        0x080021f3   Thumb Code   190  serial.o(.text)
    limits_init                              0x080022d5   Thumb Code    44  limits.o(.text)
    EXTI9_5_IRQHandler                       0x08002301   Thumb Code    52  limits.o(.text)
    limits_go_home                           0x080027df   Thumb Code   110  limits.o(.text)
    protocol_init                            0x08002869   Thumb Code    12  protocol.o(.text)
    protocol_execute_startup                 0x08002875   Thumb Code    58  protocol.o(.text)
    EXTI0_IRQHandler                         0x080028af   Thumb Code    30  protocol.o(.text)
    EXTI1_IRQHandler                         0x080028cd   Thumb Code    38  protocol.o(.text)
    EXTI2_IRQHandler                         0x080028f3   Thumb Code    38  protocol.o(.text)
    protocol_execute_runtime                 0x08002919   Thumb Code   216  protocol.o(.text)
    protocol_execute_line                    0x080029f1   Thumb Code   522  protocol.o(.text)
    protocol_process                         0x08002bfb   Thumb Code   216  protocol.o(.text)
    spindle_stop                             0x08002ce1   Thumb Code    16  spindle_control.o(.text)
    spindle_init                             0x08002cf1   Thumb Code    14  spindle_control.o(.text)
    spindle_run                              0x08002cff   Thumb Code    78  spindle_control.o(.text)
    coolant_stop                             0x08002d59   Thumb Code    16  coolant_control.o(.text)
    coolant_init                             0x08002d69   Thumb Code    14  coolant_control.o(.text)
    coolant_run                              0x08002d77   Thumb Code    46  coolant_control.o(.text)
    read_float                               0x08002db1   Thumb Code   320  nuts_bolts.o(.text)
    delay_ms                                 0x08002ef1   Thumb Code    24  nuts_bolts.o(.text)
    delay_us                                 0x08002f09   Thumb Code    66  nuts_bolts.o(.text)
    sys_sync_current_position                0x08002f4b   Thumb Code    28  nuts_bolts.o(.text)
    eeprom_get_char                          0x08002f81   Thumb Code    24  eeprom.o(.text)
    eeprom_put_char                          0x08002f99   Thumb Code    24  eeprom.o(.text)
    memcpy_to_eeprom_with_checksum           0x08002fb1   Thumb Code    66  eeprom.o(.text)
    memcpy_from_eeprom_with_checksum         0x08002ff3   Thumb Code    78  eeprom.o(.text)
    report_status_message                    0x08003041   Thumb Code   156  report.o(.text)
    report_alarm_message                     0x080030dd   Thumb Code    56  report.o(.text)
    report_feedback_message                  0x08003115   Thumb Code    74  report.o(.text)
    report_init_message                      0x0800315f   Thumb Code    10  report.o(.text)
    report_grbl_help                         0x08003169   Thumb Code    10  report.o(.text)
    report_grbl_settings                     0x08003173   Thumb Code  1436  report.o(.text)
    report_gcode_parameters                  0x0800370f   Thumb Code   336  report.o(.text)
    report_gcode_modes                       0x0800385f   Thumb Code   400  report.o(.text)
    report_startup_line                      0x080039ef   Thumb Code    42  report.o(.text)
    report_realtime_status                   0x08003a19   Thumb Code   806  report.o(.text)
    printString                              0x08003d5d   Thumb Code    22  print.o(.text)
    printPgmString                           0x08003d73   Thumb Code    26  print.o(.text)
    print_uint8_base2                        0x08003d8d   Thumb Code    52  print.o(.text)
    printInteger                             0x08003e0d   Thumb Code    24  print.o(.text)
    printFloat                               0x08003e25   Thumb Code   270  print.o(.text)
    settings_store_startup_line              0x08003f45   Thumb Code    32  settings.o(.text)
    settings_write_coord_data                0x08003f65   Thumb Code    30  settings.o(.text)
    write_global_settings                    0x08003f83   Thumb Code    22  settings.o(.text)
    settings_reset                           0x08003f99   Thumb Code   114  settings.o(.text)
    settings_read_startup_line               0x0800400b   Thumb Code    52  settings.o(.text)
    settings_read_coord_data                 0x0800403f   Thumb Code    54  settings.o(.text)
    read_global_settings                     0x08004075   Thumb Code    66  settings.o(.text)
    settings_store_global_setting            0x080040b7   Thumb Code   602  settings.o(.text)
    settings_init                            0x08004311   Thumb Code    54  settings.o(.text)
    mc_line                                  0x08004371   Thumb Code    92  motion_control.o(.text)
    mc_arc                                   0x080043cd   Thumb Code   868  motion_control.o(.text)
    mc_dwell                                 0x08004731   Thumb Code   172  motion_control.o(.text)
    mc_go_home                               0x080047dd   Thumb Code   248  motion_control.o(.text)
    mc_reset                                 0x080048d5   Thumb Code    76  motion_control.o(.text)
    gc_init                                  0x0800493b   Thumb Code    52  gcode.o(.text)
    gc_set_current_position                  0x0800496f   Thumb Code    80  gcode.o(.text)
    gc_execute_line                          0x08004a43   Thumb Code  3092  gcode.o(.text)
    plan_reset_buffer                        0x08005ab3   Thumb Code    24  planner.o(.text)
    plan_init                                0x08005acb   Thumb Code    16  planner.o(.text)
    plan_discard_current_block               0x08005adb   Thumb Code    28  planner.o(.text)
    plan_get_current_block                   0x08005af7   Thumb Code    28  planner.o(.text)
    plan_check_full_buffer                   0x08005b13   Thumb Code    20  planner.o(.text)
    plan_synchronize                         0x08005b27   Thumb Code    36  planner.o(.text)
    plan_buffer_line                         0x08005b4b   Thumb Code  1442  planner.o(.text)
    plan_set_current_position                0x080060ed   Thumb Code    10  planner.o(.text)
    plan_cycle_reinitialize                  0x080060f7   Thumb Code    74  planner.o(.text)
    __aeabi_memclr                           0x0800615d   Thumb Code     0  rt_memclr.o(.text)
    __rt_memclr                              0x0800615d   Thumb Code    68  rt_memclr.o(.text)
    _memset                                  0x08006161   Thumb Code     0  rt_memclr.o(.text)
    __aeabi_memclr4                          0x080061a1   Thumb Code     0  rt_memclr_w.o(.text)
    __aeabi_memclr8                          0x080061a1   Thumb Code     0  rt_memclr_w.o(.text)
    __rt_memclr_w                            0x080061a1   Thumb Code    78  rt_memclr_w.o(.text)
    _memset_w                                0x080061a5   Thumb Code     0  rt_memclr_w.o(.text)
    __use_two_region_memory                  0x080061ef   Thumb Code     2  heapauxi.o(.text)
    __rt_heap_escrow$2region                 0x080061f1   Thumb Code     2  heapauxi.o(.text)
    __rt_heap_expand$2region                 0x080061f3   Thumb Code     2  heapauxi.o(.text)
    __read_errno                             0x080061f5   Thumb Code    10  _rserrno.o(.text)
    __set_errno                              0x080061ff   Thumb Code    12  _rserrno.o(.text)
    __aeabi_errno_addr                       0x0800620d   Thumb Code    12  rt_errno_addr_intlibspace.o(.text)
    __errno$intlibspace                      0x0800620d   Thumb Code     0  rt_errno_addr_intlibspace.o(.text)
    __rt_errno_addr$intlibspace              0x0800620d   Thumb Code     0  rt_errno_addr_intlibspace.o(.text)
    __user_libspace                          0x08006219   Thumb Code     8  libspace.o(.text)
    __user_perproc_libspace                  0x08006219   Thumb Code     0  libspace.o(.text)
    __user_perthread_libspace                0x08006219   Thumb Code     0  libspace.o(.text)
    __user_setup_stackheap                   0x08006221   Thumb Code    74  sys_stackheap_outer.o(.text)
    exit                                     0x0800626b   Thumb Code    12  exit.o(.text)
    __rt_fp_status_addr                      0x08006279   Thumb Code    12  rt_fp_status_addr_intlibspace.o(.text)
    _sys_exit                                0x08006285   Thumb Code     8  sys_exit.o(.text)
    __I$use$semihosting                      0x08006291   Thumb Code     0  use_no_semi.o(.text)
    __use_no_semihosting_swi                 0x08006291   Thumb Code     2  use_no_semi.o(.text)
    __ARM_fpclassify                         0x08006293   Thumb Code    40  fpclassify.o(i.__ARM_fpclassify)
    __ieee754_rem_pio2                       0x080062bd   Thumb Code   832  rred.o(i.__ieee754_rem_pio2)
    __kernel_cos                             0x08006645   Thumb Code   230  cos_i.o(i.__kernel_cos)
    __kernel_poly                            0x08006741   Thumb Code   170  poly.o(i.__kernel_poly)
    __kernel_sin                             0x080067ed   Thumb Code   226  sin_i.o(i.__kernel_sin)
    __mathlib_dbl_underflow                  0x080068dd   Thumb Code    10  dunder.o(i.__mathlib_dbl_underflow)
    atan                                     0x080068ed   Thumb Code   480  atan.o(i.atan)
    atan2                                    0x08006b11   Thumb Code   346  atan2.o(i.atan2)
    ceil                                     0x08006c91   Thumb Code   204  ceil.o(i.ceil)
    cos                                      0x08006d6d   Thumb Code   164  cos.o(i.cos)
    floor                                    0x08006e19   Thumb Code   204  floor.o(i.floor)
    hypot                                    0x08006ef5   Thumb Code   642  hypot.o(i.hypot)
    sin                                      0x08007191   Thumb Code   166  sin.o(i.sin)
    sqrt                                     0x08007241   Thumb Code    74  sqrt.o(i.sqrt)
    __aeabi_d2f                              0x0800728d   Thumb Code     0  d2f.o(x$fpl$d2f)
    _d2f                                     0x0800728d   Thumb Code    98  d2f.o(x$fpl$d2f)
    __aeabi_dadd                             0x080072f1   Thumb Code     0  daddsub_clz.o(x$fpl$dadd)
    _dadd                                    0x080072f1   Thumb Code   328  daddsub_clz.o(x$fpl$dadd)
    __fpl_dcheck_NaN1                        0x0800743d   Thumb Code    10  dcheck1.o(x$fpl$dcheck1)
    __fpl_dcmp_Inf                           0x0800744d   Thumb Code    24  dcmpi.o(x$fpl$dcmpinf)
    __aeabi_ddiv                             0x08007465   Thumb Code     0  ddiv.o(x$fpl$ddiv)
    _ddiv                                    0x08007465   Thumb Code   552  ddiv.o(x$fpl$ddiv)
    __aeabi_cdcmpeq                          0x08007715   Thumb Code     0  deqf.o(x$fpl$deqf)
    _dcmpeq                                  0x08007715   Thumb Code   120  deqf.o(x$fpl$deqf)
    __aeabi_d2iz                             0x0800778d   Thumb Code     0  dfix.o(x$fpl$dfix)
    _dfix                                    0x0800778d   Thumb Code    94  dfix.o(x$fpl$dfix)
    __aeabi_d2uiz                            0x080077ed   Thumb Code     0  dfixu.o(x$fpl$dfixu)
    _dfixu                                   0x080077ed   Thumb Code    90  dfixu.o(x$fpl$dfixu)
    __aeabi_i2d                              0x08007847   Thumb Code     0  dflt_clz.o(x$fpl$dflt)
    _dflt                                    0x08007847   Thumb Code    46  dflt_clz.o(x$fpl$dflt)
    __aeabi_ui2d                             0x08007875   Thumb Code     0  dflt_clz.o(x$fpl$dfltu)
    _dfltu                                   0x08007875   Thumb Code    38  dflt_clz.o(x$fpl$dfltu)
    __aeabi_cdcmple                          0x0800789d   Thumb Code     0  dleqf.o(x$fpl$dleqf)
    _dcmple                                  0x0800789d   Thumb Code   120  dleqf.o(x$fpl$dleqf)
    __fpl_dcmple_InfNaN                      0x080078ff   Thumb Code     0  dleqf.o(x$fpl$dleqf)
    __aeabi_dmul                             0x08007915   Thumb Code     0  dmul.o(x$fpl$dmul)
    _dmul                                    0x08007915   Thumb Code   332  dmul.o(x$fpl$dmul)
    __fpl_dnaninf                            0x08007a69   Thumb Code   156  dnaninf.o(x$fpl$dnaninf)
    __fpl_dretinf                            0x08007b05   Thumb Code    12  dretinf.o(x$fpl$dretinf)
    __aeabi_cdrcmple                         0x08007b11   Thumb Code     0  drleqf.o(x$fpl$drleqf)
    _drcmple                                 0x08007b11   Thumb Code   108  drleqf.o(x$fpl$drleqf)
    __aeabi_drsub                            0x08007b7d   Thumb Code     0  daddsub_clz.o(x$fpl$drsb)
    _drsb                                    0x08007b7d   Thumb Code    22  daddsub_clz.o(x$fpl$drsb)
    _dsqrt                                   0x08007b95   Thumb Code   456  dsqrt_noumaal.o(x$fpl$dsqrt)
    __aeabi_dsub                             0x08007d61   Thumb Code     0  daddsub_clz.o(x$fpl$dsub)
    _dsub                                    0x08007d61   Thumb Code   464  daddsub_clz.o(x$fpl$dsub)
    __aeabi_f2d                              0x08007f35   Thumb Code     0  f2d.o(x$fpl$f2d)
    _f2d                                     0x08007f35   Thumb Code    86  f2d.o(x$fpl$f2d)
    __aeabi_fadd                             0x08007f8d   Thumb Code     0  faddsub_clz.o(x$fpl$fadd)
    _fadd                                    0x08007f8d   Thumb Code   196  faddsub_clz.o(x$fpl$fadd)
    __fpl_fcmp_Inf                           0x08008051   Thumb Code    24  fcmpi.o(x$fpl$fcmpinf)
    __aeabi_fdiv                             0x08008069   Thumb Code     0  fdiv.o(x$fpl$fdiv)
    _fdiv                                    0x08008069   Thumb Code   384  fdiv.o(x$fpl$fdiv)
    __aeabi_cfcmpeq                          0x080081ed   Thumb Code     0  feqf.o(x$fpl$feqf)
    _fcmpeq                                  0x080081ed   Thumb Code   104  feqf.o(x$fpl$feqf)
    __aeabi_f2iz                             0x08008255   Thumb Code     0  ffix.o(x$fpl$ffix)
    _ffix                                    0x08008255   Thumb Code    54  ffix.o(x$fpl$ffix)
    __aeabi_f2uiz                            0x0800828d   Thumb Code     0  ffixu.o(x$fpl$ffixu)
    _ffixu                                   0x0800828d   Thumb Code    62  ffixu.o(x$fpl$ffixu)
    __aeabi_i2f                              0x080082cd   Thumb Code     0  fflt_clz.o(x$fpl$fflt)
    _fflt                                    0x080082cd   Thumb Code    48  fflt_clz.o(x$fpl$fflt)
    __aeabi_ui2f                             0x080082fd   Thumb Code     0  fflt_clz.o(x$fpl$ffltu)
    _ffltu                                   0x080082fd   Thumb Code    38  fflt_clz.o(x$fpl$ffltu)
    __aeabi_cfcmple                          0x08008325   Thumb Code     0  fleqf.o(x$fpl$fleqf)
    _fcmple                                  0x08008325   Thumb Code   104  fleqf.o(x$fpl$fleqf)
    __fpl_fcmple_InfNaN                      0x08008377   Thumb Code     0  fleqf.o(x$fpl$fleqf)
    __aeabi_fmul                             0x0800838d   Thumb Code     0  fmul.o(x$fpl$fmul)
    _fmul                                    0x0800838d   Thumb Code   258  fmul.o(x$fpl$fmul)
    __fpl_fnaninf                            0x0800848f   Thumb Code   140  fnaninf.o(x$fpl$fnaninf)
    _fp_init                                 0x0800851b   Thumb Code    14  fpinit.o(x$fpl$fpinit)
    __fplib_config_pureend_doubles           0x08008527   Thumb Code     0  fpinit.o(x$fpl$fpinit)
    __fpl_fretinf                            0x08008529   Thumb Code    10  fretinf.o(x$fpl$fretinf)
    __aeabi_cfrcmple                         0x08008533   Thumb Code     0  frleqf.o(x$fpl$frleqf)
    _frcmple                                 0x08008533   Thumb Code    98  frleqf.o(x$fpl$frleqf)
    __aeabi_frsub                            0x08008595   Thumb Code     0  faddsub_clz.o(x$fpl$frsb)
    _frsb                                    0x08008595   Thumb Code    20  faddsub_clz.o(x$fpl$frsb)
    __aeabi_fsub                             0x080085a9   Thumb Code     0  faddsub_clz.o(x$fpl$fsub)
    _fsub                                    0x080085a9   Thumb Code   234  faddsub_clz.o(x$fpl$fsub)
    __fpl_return_NaN                         0x08008693   Thumb Code   100  retnan.o(x$fpl$retnan)
    __ARM_scalbn                             0x080086f7   Thumb Code     0  scalbn.o(x$fpl$scalbn)
    scalbn                                   0x080086f7   Thumb Code    96  scalbn.o(x$fpl$scalbn)
    __fpl_inf_scalbn                         0x08008755   Thumb Code     0  scalbn.o(x$fpl$scalbn)
    __fpl_cmpreturn                          0x08008757   Thumb Code    48  trapv.o(x$fpl$trapveneer)
    __I$use$fp                               0x08008787   Thumb Code     0  usenofp.o(x$fpl$usenofp)
    __mathlib_zero                           0x08008998   Data           8  qnan.o(.constdata)
    Region$$Table$$Base                      0x08008a90   Number         0  anon$$obj.o(Region$$Table)
    Region$$Table$$Limit                     0x08008ab0   Number         0  anon$$obj.o(Region$$Table)
    rx_buffer_head                           0x2000000b   Data           1  serial.o(.data)
    rx_buffer_tail                           0x2000000c   Data           1  serial.o(.data)
    tx_buffer_head                           0x2000000d   Data           1  serial.o(.data)
    tx_buffer_tail                           0x2000000e   Data           1  serial.o(.data)
    sys                                      0x20000018   Data          20  main.o(.bss)
    STM32_EEPROM_cache                       0x2000002c   Data         400  hw_eeprom.o(.bss)
    STMFLASH_BUF                             0x200001bc   Data        1024  hw_eeprom.o(.bss)
    rx_buffer                                0x200005e0   Data         128  serial.o(.bss)
    tx_buffer                                0x20000660   Data          64  serial.o(.bss)
    settings                                 0x200006e8   Data          64  settings.o(.bss)
    gc                                       0x20000728   Data          56  gcode.o(.bss)
    __libspace_start                         0x20000bfc   Data          96  libspace.o(.bss)
    __temporary_stack_top$libspace           0x20000c5c   Data           0  libspace.o(.bss)



==============================================================================

Memory Map of the image

  Image Entry point : 0x08000131

  Load Region LR_IROM1 (Base: 0x08000000, Size: 0x00008ac8, Max: 0x00010000, ABSOLUTE)

    Execution Region ER_IROM1 (Base: 0x08000000, Size: 0x00008ab0, Max: 0x00010000, ABSOLUTE)

    Base Addr    Size         Type   Attr      Idx    E Section Name        Object

    0x08000000   0x00000130   Data   RO          270    RESET               stm32f10x_vector.o
    0x08000130   0x00000008   Code   RO          637  * !!!main             c_w.l(__main.o)(c_w.l)
    0x08000138   0x00000034   Code   RO          982    !!!scatter          c_w.l(__scatter.o)(c_w.l)
    0x0800016c   0x0000001a   Code   RO          984    !!handler_copy      c_w.l(__scatter_copy.o)(c_w.l)
    0x08000186   0x00000002   PAD
    0x08000188   0x0000001c   Code   RO          986    !!handler_zi        c_w.l(__scatter_zi.o)(c_w.l)
    0x080001a4   0x00000006   Code   RO          851    .ARM.Collect$$libinit$$00000000  c_w.l(libinit.o)(c_w.l)
    0x080001aa   0x00000000   Code   RO          858    .ARM.Collect$$libinit$$00000006  c_w.l(libinit2.o)(c_w.l)
    0x080001aa   0x00000000   Code   RO          860    .ARM.Collect$$libinit$$00000008  c_w.l(libinit2.o)(c_w.l)
    0x080001aa   0x00000000   Code   RO          862    .ARM.Collect$$libinit$$0000000A  c_w.l(libinit2.o)(c_w.l)
    0x080001aa   0x00000000   Code   RO          865    .ARM.Collect$$libinit$$0000000D  c_w.l(libinit2.o)(c_w.l)
    0x080001aa   0x00000000   Code   RO          867    .ARM.Collect$$libinit$$0000000F  c_w.l(libinit2.o)(c_w.l)
    0x080001aa   0x00000000   Code   RO          869    .ARM.Collect$$libinit$$00000011  c_w.l(libinit2.o)(c_w.l)
    0x080001aa   0x00000000   Code   RO          871    .ARM.Collect$$libinit$$00000013  c_w.l(libinit2.o)(c_w.l)
    0x080001aa   0x00000000   Code   RO          873    .ARM.Collect$$libinit$$00000015  c_w.l(libinit2.o)(c_w.l)
    0x080001aa   0x00000000   Code   RO          875    .ARM.Collect$$libinit$$00000017  c_w.l(libinit2.o)(c_w.l)
    0x080001aa   0x00000000   Code   RO          877    .ARM.Collect$$libinit$$00000019  c_w.l(libinit2.o)(c_w.l)
    0x080001aa   0x00000000   Code   RO          879    .ARM.Collect$$libinit$$0000001B  c_w.l(libinit2.o)(c_w.l)
    0x080001aa   0x00000000   Code   RO          881    .ARM.Collect$$libinit$$0000001D  c_w.l(libinit2.o)(c_w.l)
    0x080001aa   0x00000000   Code   RO          883    .ARM.Collect$$libinit$$0000001F  c_w.l(libinit2.o)(c_w.l)
    0x080001aa   0x00000000   Code   RO          885    .ARM.Collect$$libinit$$00000021  c_w.l(libinit2.o)(c_w.l)
    0x080001aa   0x00000000   Code   RO          889    .ARM.Collect$$libinit$$00000028  c_w.l(libinit2.o)(c_w.l)
    0x080001aa   0x00000000   Code   RO          891    .ARM.Collect$$libinit$$0000002A  c_w.l(libinit2.o)(c_w.l)
    0x080001aa   0x00000000   Code   RO          893    .ARM.Collect$$libinit$$0000002C  c_w.l(libinit2.o)(c_w.l)
    0x080001aa   0x00000000   Code   RO          895    .ARM.Collect$$libinit$$0000002E  c_w.l(libinit2.o)(c_w.l)
    0x080001aa   0x00000002   Code   RO          896    .ARM.Collect$$libinit$$0000002F  c_w.l(libinit2.o)(c_w.l)
    0x080001ac   0x00000002   Code   RO          924    .ARM.Collect$$libshutdown$$00000000  c_w.l(libshutdown.o)(c_w.l)
    0x080001ae   0x00000000   Code   RO          937    .ARM.Collect$$libshutdown$$00000003  c_w.l(libshutdown2.o)(c_w.l)
    0x080001ae   0x00000000   Code   RO          940    .ARM.Collect$$libshutdown$$00000006  c_w.l(libshutdown2.o)(c_w.l)
    0x080001ae   0x00000000   Code   RO          943    .ARM.Collect$$libshutdown$$00000009  c_w.l(libshutdown2.o)(c_w.l)
    0x080001ae   0x00000000   Code   RO          945    .ARM.Collect$$libshutdown$$0000000B  c_w.l(libshutdown2.o)(c_w.l)
    0x080001ae   0x00000000   Code   RO          948    .ARM.Collect$$libshutdown$$0000000E  c_w.l(libshutdown2.o)(c_w.l)
    0x080001ae   0x00000002   Code   RO          949    .ARM.Collect$$libshutdown$$0000000F  c_w.l(libshutdown2.o)(c_w.l)
    0x080001b0   0x00000000   Code   RO          755    .ARM.Collect$$rtentry$$00000000  c_w.l(rtentry.o)(c_w.l)
    0x080001b0   0x00000000   Code   RO          812    .ARM.Collect$$rtentry$$00000002  c_w.l(rtentry2.o)(c_w.l)
    0x080001b0   0x00000006   Code   RO          827    .ARM.Collect$$rtentry$$00000004  c_w.l(rtentry4.o)(c_w.l)
    0x080001b6   0x00000000   Code   RO          814    .ARM.Collect$$rtentry$$00000009  c_w.l(rtentry2.o)(c_w.l)
    0x080001b6   0x00000004   Code   RO          815    .ARM.Collect$$rtentry$$0000000A  c_w.l(rtentry2.o)(c_w.l)
    0x080001ba   0x00000000   Code   RO          817    .ARM.Collect$$rtentry$$0000000C  c_w.l(rtentry2.o)(c_w.l)
    0x080001ba   0x00000008   Code   RO          818    .ARM.Collect$$rtentry$$0000000D  c_w.l(rtentry2.o)(c_w.l)
    0x080001c2   0x00000002   Code   RO          854    .ARM.Collect$$rtexit$$00000000  c_w.l(rtexit.o)(c_w.l)
    0x080001c4   0x00000000   Code   RO          902    .ARM.Collect$$rtexit$$00000002  c_w.l(rtexit2.o)(c_w.l)
    0x080001c4   0x00000004   Code   RO          903    .ARM.Collect$$rtexit$$00000003  c_w.l(rtexit2.o)(c_w.l)
    0x080001c8   0x00000006   Code   RO          904    .ARM.Collect$$rtexit$$00000004  c_w.l(rtexit2.o)(c_w.l)
    0x080001ce   0x00000002   PAD
    0x080001d0   0x000000cc   Code   RO            1    .text               main.o
    0x0800029c   0x0000007e   Code   RO          202    .text               stm32f10x_it.o
    0x0800031a   0x00000002   PAD
    0x0800031c   0x000003a0   Code   RO          217    .text               stm32f10x_rcc.o
    0x080006bc   0x00000458   Code   RO          240    .text               stm32f10x_nvic.o
    0x08000b14   0x00000378   Code   RO          252    .text               stm32f10x_usart.o
    0x08000e8c   0x0000007a   Code   RO          264    .text               cortexm3_macro.o
    0x08000f06   0x00000002   PAD
    0x08000f08   0x00000024   Code   RO          271    .text               stm32f10x_vector.o
    0x08000f2c   0x00000224   Code   RO          275    .text               system.o
    0x08001150   0x000000a0   Code   RO          290    .text               delay.o
    0x080011f0   0x000001f8   Code   RO          307    .text               hw_gpio.o
    0x080013e8   0x00000300   Code   RO          323    .text               hw_eeprom.o
    0x080016e8   0x0000005c   Code   RO          338    .text               hw_tim.o
    0x08001744   0x00000090   Code   RO          350    .text               hw_usart.o
    0x080017d4   0x000000bc   Code   RO          362    .text               hw_exti.o
    0x08001890   0x000008ec   Code   RO          374    .text               stepper.o
    0x0800217c   0x00000158   Code   RO          446    .text               serial.o
    0x080022d4   0x00000588   Code   RO          462    .text               limits.o
    0x0800285c   0x00000484   Code   RO          474    .text               protocol.o
    0x08002ce0   0x00000078   Code   RO          489    .text               spindle_control.o
    0x08002d58   0x00000058   Code   RO          503    .text               coolant_control.o
    0x08002db0   0x000001d0   Code   RO          517    .text               nuts_bolts.o
    0x08002f80   0x000000c0   Code   RO          529    .text               eeprom.o
    0x08003040   0x00000d1c   Code   RO          541    .text               report.o
    0x08003d5c   0x000001e8   Code   RO          554    .text               print.o
    0x08003f44   0x0000042c   Code   RO          566    .text               settings.o
    0x08004370   0x000005c0   Code   RO          584    .text               motion_control.o
    0x08004930   0x00000d30   Code   RO          596    .text               gcode.o
    0x08005660   0x00000afc   Code   RO          614    .text               planner.o
    0x0800615c   0x00000044   Code   RO          631    .text               c_w.l(rt_memclr.o)(c_w.l)
    0x080061a0   0x0000004e   Code   RO          633    .text               c_w.l(rt_memclr_w.o)(c_w.l)
    0x080061ee   0x00000006   Code   RO          635    .text               c_w.l(heapauxi.o)(c_w.l)
    0x080061f4   0x00000016   Code   RO          757    .text               c_w.l(_rserrno.o)(c_w.l)
    0x0800620a   0x00000002   PAD
    0x0800620c   0x0000000c   Code   RO          832    .text               c_w.l(rt_errno_addr_intlibspace.o)(c_w.l)
    0x08006218   0x00000008   Code   RO          838    .text               c_w.l(libspace.o)(c_w.l)
    0x08006220   0x0000004a   Code   RO          841    .text               c_w.l(sys_stackheap_outer.o)(c_w.l)
    0x0800626a   0x0000000c   Code   RO          843    .text               c_w.l(exit.o)(c_w.l)
    0x08006276   0x00000002   PAD
    0x08006278   0x0000000c   Code   RO          912    .text               c_w.l(rt_fp_status_addr_intlibspace.o)(c_w.l)
    0x08006284   0x0000000c   Code   RO          916    .text               c_w.l(sys_exit.o)(c_w.l)
    0x08006290   0x00000002   Code   RO          927    .text               c_w.l(use_no_semi.o)(c_w.l)
    0x08006292   0x00000028   Code   RO          797    i.__ARM_fpclassify  m_ws.l(fpclassify.o)(m_ws.l)
    0x080062ba   0x00000002   PAD
    0x080062bc   0x00000388   Code   RO          800    i.__ieee754_rem_pio2  m_ws.l(rred.o)(m_ws.l)
    0x08006644   0x000000fc   Code   RO          792    i.__kernel_cos      m_ws.l(cos_i.o)(m_ws.l)
    0x08006740   0x000000aa   Code   RO          836    i.__kernel_poly     m_ws.l(poly.o)(m_ws.l)
    0x080067ea   0x00000002   PAD
    0x080067ec   0x000000f0   Code   RO          805    i.__kernel_sin      m_ws.l(sin_i.o)(m_ws.l)
    0x080068dc   0x00000010   Code   RO          795    i.__mathlib_dbl_underflow  m_ws.l(dunder.o)(m_ws.l)
    0x080068ec   0x00000224   Code   RO          783    i.atan              m_ws.l(atan.o)(m_ws.l)
    0x08006b10   0x00000180   Code   RO          708    i.atan2             m_ws.l(atan2.o)(m_ws.l)
    0x08006c90   0x000000dc   Code   RO          716    i.ceil              m_ws.l(ceil.o)(m_ws.l)
    0x08006d6c   0x000000ac   Code   RO          720    i.cos               m_ws.l(cos.o)(m_ws.l)
    0x08006e18   0x000000dc   Code   RO          728    i.floor             m_ws.l(floor.o)(m_ws.l)
    0x08006ef4   0x0000029c   Code   RO          732    i.hypot             m_ws.l(hypot.o)(m_ws.l)
    0x08007190   0x000000b0   Code   RO          740    i.sin               m_ws.l(sin.o)(m_ws.l)
    0x08007240   0x0000004a   Code   RO          748    i.sqrt              m_ws.l(sqrt.o)(m_ws.l)
    0x0800728a   0x00000002   PAD
    0x0800728c   0x00000062   Code   RO          639    x$fpl$d2f           fz_ws.l(d2f.o)(fz_ws.l)
    0x080072ee   0x00000002   PAD
    0x080072f0   0x0000014c   Code   RO          641    x$fpl$dadd          fz_ws.l(daddsub_clz.o)(fz_ws.l)
    0x0800743c   0x00000010   Code   RO          834    x$fpl$dcheck1       fz_ws.l(dcheck1.o)(fz_ws.l)
    0x0800744c   0x00000018   Code   RO          759    x$fpl$dcmpinf       fz_ws.l(dcmpi.o)(fz_ws.l)
    0x08007464   0x000002b0   Code   RO          648    x$fpl$ddiv          fz_ws.l(ddiv.o)(fz_ws.l)
    0x08007714   0x00000078   Code   RO          651    x$fpl$deqf          fz_ws.l(deqf.o)(fz_ws.l)
    0x0800778c   0x0000005e   Code   RO          653    x$fpl$dfix          fz_ws.l(dfix.o)(fz_ws.l)
    0x080077ea   0x00000002   PAD
    0x080077ec   0x0000005a   Code   RO          657    x$fpl$dfixu         fz_ws.l(dfixu.o)(fz_ws.l)
    0x08007846   0x0000002e   Code   RO          662    x$fpl$dflt          fz_ws.l(dflt_clz.o)(fz_ws.l)
    0x08007874   0x00000026   Code   RO          661    x$fpl$dfltu         fz_ws.l(dflt_clz.o)(fz_ws.l)
    0x0800789a   0x00000002   PAD
    0x0800789c   0x00000078   Code   RO          667    x$fpl$dleqf         fz_ws.l(dleqf.o)(fz_ws.l)
    0x08007914   0x00000154   Code   RO          669    x$fpl$dmul          fz_ws.l(dmul.o)(fz_ws.l)
    0x08007a68   0x0000009c   Code   RO          761    x$fpl$dnaninf       fz_ws.l(dnaninf.o)(fz_ws.l)
    0x08007b04   0x0000000c   Code   RO          763    x$fpl$dretinf       fz_ws.l(dretinf.o)(fz_ws.l)
    0x08007b10   0x0000006c   Code   RO          671    x$fpl$drleqf        fz_ws.l(drleqf.o)(fz_ws.l)
    0x08007b7c   0x00000016   Code   RO          642    x$fpl$drsb          fz_ws.l(daddsub_clz.o)(fz_ws.l)
    0x08007b92   0x00000002   PAD
    0x08007b94   0x000001cc   Code   RO          765    x$fpl$dsqrt         fz_ws.l(dsqrt_noumaal.o)(fz_ws.l)
    0x08007d60   0x000001d4   Code   RO          643    x$fpl$dsub          fz_ws.l(daddsub_clz.o)(fz_ws.l)
    0x08007f34   0x00000056   Code   RO          673    x$fpl$f2d           fz_ws.l(f2d.o)(fz_ws.l)
    0x08007f8a   0x00000002   PAD
    0x08007f8c   0x000000c4   Code   RO          675    x$fpl$fadd          fz_ws.l(faddsub_clz.o)(fz_ws.l)
    0x08008050   0x00000018   Code   RO          767    x$fpl$fcmpinf       fz_ws.l(fcmpi.o)(fz_ws.l)
    0x08008068   0x00000184   Code   RO          682    x$fpl$fdiv          fz_ws.l(fdiv.o)(fz_ws.l)
    0x080081ec   0x00000068   Code   RO          685    x$fpl$feqf          fz_ws.l(feqf.o)(fz_ws.l)
    0x08008254   0x00000036   Code   RO          687    x$fpl$ffix          fz_ws.l(ffix.o)(fz_ws.l)
    0x0800828a   0x00000002   PAD
    0x0800828c   0x0000003e   Code   RO          691    x$fpl$ffixu         fz_ws.l(ffixu.o)(fz_ws.l)
    0x080082ca   0x00000002   PAD
    0x080082cc   0x00000030   Code   RO          696    x$fpl$fflt          fz_ws.l(fflt_clz.o)(fz_ws.l)
    0x080082fc   0x00000026   Code   RO          695    x$fpl$ffltu         fz_ws.l(fflt_clz.o)(fz_ws.l)
    0x08008322   0x00000002   PAD
    0x08008324   0x00000068   Code   RO          701    x$fpl$fleqf         fz_ws.l(fleqf.o)(fz_ws.l)
    0x0800838c   0x00000102   Code   RO          703    x$fpl$fmul          fz_ws.l(fmul.o)(fz_ws.l)
    0x0800848e   0x0000008c   Code   RO          769    x$fpl$fnaninf       fz_ws.l(fnaninf.o)(fz_ws.l)
    0x0800851a   0x0000000e   Code   RO          897    x$fpl$fpinit        fz_ws.l(fpinit.o)(fz_ws.l)
    0x08008528   0x0000000a   Code   RO          771    x$fpl$fretinf       fz_ws.l(fretinf.o)(fz_ws.l)
    0x08008532   0x00000062   Code   RO          705    x$fpl$frleqf        fz_ws.l(frleqf.o)(fz_ws.l)
    0x08008594   0x00000014   Code   RO          676    x$fpl$frsb          fz_ws.l(faddsub_clz.o)(fz_ws.l)
    0x080085a8   0x000000ea   Code   RO          677    x$fpl$fsub          fz_ws.l(faddsub_clz.o)(fz_ws.l)
    0x08008692   0x00000064   Code   RO          852    x$fpl$retnan        fz_ws.l(retnan.o)(fz_ws.l)
    0x080086f6   0x00000060   Code   RO          776    x$fpl$scalbn        fz_ws.l(scalbn.o)(fz_ws.l)
    0x08008756   0x00000030   Code   RO          899    x$fpl$trapveneer    fz_ws.l(trapv.o)(fz_ws.l)
    0x08008786   0x00000000   Code   RO          781    x$fpl$usenofp       fz_ws.l(usenofp.o)(fz_ws.l)
    0x08008786   0x00000014   Data   RO          218    .constdata          stm32f10x_rcc.o
    0x0800879a   0x00000002   PAD
    0x0800879c   0x0000012e   Data   RO          542    .constdata          report.o
    0x080088ca   0x00000006   PAD
    0x080088d0   0x00000098   Data   RO          784    .constdata          m_ws.l(atan.o)(m_ws.l)
    0x08008968   0x00000030   Data   RO          793    .constdata          m_ws.l(cos_i.o)(m_ws.l)
    0x08008998   0x00000008   Data   RO          799    .constdata          m_ws.l(qnan.o)(m_ws.l)
    0x080089a0   0x000000c8   Data   RO          802    .constdata          m_ws.l(rred.o)(m_ws.l)
    0x08008a68   0x00000028   Data   RO          806    .constdata          m_ws.l(sin_i.o)(m_ws.l)
    0x08008a90   0x00000020   Data   RO          980    Region$$Table       anon$$obj.o


    Execution Region RW_IRAM1 (Base: 0x20000000, Size: 0x00001460, Max: 0x00005000, ABSOLUTE)

    Base Addr    Size         Type   Attr      Idx    E Section Name        Object

    0x20000000   0x00000004   Data   RW          291    .data               delay.o
    0x20000004   0x00000007   Data   RW          376    .data               stepper.o
    0x2000000b   0x00000004   Data   RW          448    .data               serial.o
    0x2000000f   0x00000002   Data   RW          476    .data               protocol.o
    0x20000011   0x00000001   Data   RW          490    .data               spindle_control.o
    0x20000012   0x00000001   Data   RW          504    .data               coolant_control.o
    0x20000013   0x00000003   Data   RW          616    .data               planner.o
    0x20000016   0x00000002   PAD
    0x20000018   0x00000014   Zero   RW            2    .bss                main.o
    0x2000002c   0x00000590   Zero   RW          324    .bss                hw_eeprom.o
    0x200005bc   0x00000024   Zero   RW          375    .bss                stepper.o
    0x200005e0   0x000000c0   Zero   RW          447    .bss                serial.o
    0x200006a0   0x00000046   Zero   RW          475    .bss                protocol.o
    0x200006e6   0x00000002   PAD
    0x200006e8   0x00000040   Zero   RW          567    .bss                settings.o
    0x20000728   0x00000038   Zero   RW          597    .bss                gcode.o
    0x20000760   0x0000049c   Zero   RW          615    .bss                planner.o
    0x20000bfc   0x00000060   Zero   RW          839    .bss                c_w.l(libspace.o)(c_w.l)
    0x20000c5c   0x00000004   PAD
    0x20000c60   0x00000400   Zero   RW          269    HEAP                stm32f10x_vector.o
    0x20001060   0x00000400   Zero   RW          268    STACK               stm32f10x_vector.o


==============================================================================

Image component sizes


      Code (inc. data)   RO Data    RW Data    ZI Data      Debug   Object Name

        88         12          0          1          0          0   coolant_control.o
       122          0          0          0          0          0   cortexm3_macro.o
       160          8          0          4          0          0   delay.o
       192          0          0          0          0          0   eeprom.o
      3376        144          0          0         56          0   gcode.o
       768         30          0          0       1424          0   hw_eeprom.o
       188         10          0          0          0          0   hw_exti.o
       504         14          0          0          0          0   hw_gpio.o
        92         10          0          0          0          0   hw_tim.o
       144         18          0          0          0          0   hw_usart.o
      1416         62          0          0          0          0   limits.o
       204          8          0          0         20          0   main.o
      1472         50          0          0          0          0   motion_control.o
       464         26          0          0          0          0   nuts_bolts.o
      2812        102          0          3       1180          0   planner.o
       488         18          0          0          0          0   print.o
      1156         44          0          2         70          0   protocol.o
      3356       1508        302          0          0          0   report.o
       344         36          0          4        192          0   serial.o
      1068         66          0          0         64          0   settings.o
       120         12          0          1          0          0   spindle_control.o
      2284        136          0          7         36          0   stepper.o
       126          0          0          0          0          0   stm32f10x_it.o
      1112         78          0          0          0          0   stm32f10x_nvic.o
       928         52         20          0          0          0   stm32f10x_rcc.o
       888         14          0          0          0          0   stm32f10x_usart.o
        36         22        304          0       2048          0   stm32f10x_vector.o
       548         62          0          0          0          0   system.o

    ----------------------------------------------------------------------
     24460       2542        666         24       5092          0   Object Totals
         0          0         32          0          0          0   (incl. Generated)
         4          0          8          2          2          1   (incl. Padding)

    ----------------------------------------------------------------------

      Code (inc. data)   RO Data    RW Data    ZI Data      Debug   Library Member Name

         8          0          0          0          0          0   __main.o
        52          8          0          0          0          0   __scatter.o
        26          0          0          0          0          0   __scatter_copy.o
        28          0          0          0          0          0   __scatter_zi.o
        22          0          0          0          0          0   _rserrno.o
        12          0          0          0          0          0   exit.o
         6          0          0          0          0          0   heapauxi.o
         6          0          0          0          0          0   libinit.o
         2          0          0          0          0          0   libinit2.o
         2          0          0          0          0          0   libshutdown.o
         2          0          0          0          0          0   libshutdown2.o
         8          4          0          0         96          0   libspace.o
        12          4          0          0          0          0   rt_errno_addr_intlibspace.o
        12          4          0          0          0          0   rt_fp_status_addr_intlibspace.o
        68          0          0          0          0          0   rt_memclr.o
        78          0          0          0          0          0   rt_memclr_w.o
         0          0          0          0          0          0   rtentry.o
        12          0          0          0          0          0   rtentry2.o
         6          0          0          0          0          0   rtentry4.o
         2          0          0          0          0          0   rtexit.o
        10          0          0          0          0          0   rtexit2.o
        12          4          0          0          0          0   sys_exit.o
        74          0          0          0          0          0   sys_stackheap_outer.o
         2          0          0          0          0          0   use_no_semi.o
        98          4          0          0          0          0   d2f.o
       822         16          0          0          0          0   daddsub_clz.o
        16          4          0          0          0          0   dcheck1.o
        24          0          0          0          0          0   dcmpi.o
       688        140          0          0          0          0   ddiv.o
       120          4          0          0          0          0   deqf.o
        94          4          0          0          0          0   dfix.o
        90          4          0          0          0          0   dfixu.o
        84          0          0          0          0          0   dflt_clz.o
       120          4          0          0          0          0   dleqf.o
       340         12          0          0          0          0   dmul.o
       156          4          0          0          0          0   dnaninf.o
        12          0          0          0          0          0   dretinf.o
       108          0          0          0          0          0   drleqf.o
       460         56          0          0          0          0   dsqrt_noumaal.o
        86          4          0          0          0          0   f2d.o
       450          8          0          0          0          0   faddsub_clz.o
        24          0          0          0          0          0   fcmpi.o
       388         76          0          0          0          0   fdiv.o
       104          4          0          0          0          0   feqf.o
        54          4          0          0          0          0   ffix.o
        62          4          0          0          0          0   ffixu.o
        86          0          0          0          0          0   fflt_clz.o
       104          4          0          0          0          0   fleqf.o
       258          4          0          0          0          0   fmul.o
       140          4          0          0          0          0   fnaninf.o
        14          0          0          0          0          0   fpinit.o
        10          0          0          0          0          0   fretinf.o
        98          0          0          0          0          0   frleqf.o
       100          0          0          0          0          0   retnan.o
        96          0          0          0          0          0   scalbn.o
        48          0          0          0          0          0   trapv.o
         0          0          0          0          0          0   usenofp.o
       548         68        152          0          0          0   atan.o
       384         38          0          0          0          0   atan2.o
       220         16          0          0          0          0   ceil.o
       172          8          0          0          0          0   cos.o
       252         22         48          0          0          0   cos_i.o
        16          6          0          0          0          0   dunder.o
       220         16          0          0          0          0   floor.o
        40          0          0          0          0          0   fpclassify.o
       668         26          0          0          0          0   hypot.o
       170          0          0          0          0          0   poly.o
         0          0          8          0          0          0   qnan.o
       904         72        200          0          0          0   rred.o
       176         10          0          0          0          0   sin.o
       240         14         40          0          0          0   sin_i.o
        74          0          0          0          0          0   sqrt.o

    ----------------------------------------------------------------------
      9930        684        448          0        100          0   Library Totals
        30          0          0          0          4          0   (incl. Padding)

    ----------------------------------------------------------------------

      Code (inc. data)   RO Data    RW Data    ZI Data      Debug   Library Name

       462         24          0          0         96        956   c_w.l
      5354        364          0          0          0       3296   fz_ws.l
      4084        296        448          0          0       1556   m_ws.l

    ----------------------------------------------------------------------
      9930        684        448          0        100          0   Library Totals

    ----------------------------------------------------------------------

==============================================================================


      Code (inc. data)   RO Data    RW Data    ZI Data      Debug   

     34390       3226       1114         24       5192     286800   Grand Totals
     34390       3226       1114         24       5192     286800   ELF Image Totals
     34390       3226       1114         24          0          0   ROM Totals

==============================================================================

    Total RO  Size (Code + RO Data)                35504 (  34.67kB)
    Total RW  Size (RW Data + ZI Data)              5216 (   5.09kB)
    Total ROM Size (Code + RO Data + RW Data)      35528 (  34.70kB)

==============================================================================

